c[?7l[2J[0mSeaBIOS (version ArchLinux 1.16.0-1)


iPXE (http://ipxe.org) 00:03.0 CA00 PCI2.10 PnP PMM+BFF90FB0+BFEF0FB0 CA00
Press Ctrl-B to configure iPXE (PCI 00:03.0)...                                                                               


Booting from ROM..c[?7l[2J[0m.No EFI environment detected.
early console in extract_kernel
input_data: 0x0000000002cb140d
input_len: 0x0000000000c6197a
output: 0x0000000001000000
output_len: 0x00000000028c977c
kernel_total_size: 0x0000000002630000
needed_size: 0x0000000002a00000
trampoline_32bit: 0x000000000009d000
Physical KASLR using RDRAND RDTSC...
Virtual KASLR using RDRAND RDTSC...

Decompressing Linux... Parsing ELF... Performing relocations... done.
Booting the kernel.
[    0.000000] Linux version 5.19.0-rc7-rt7+ (schspa@ArchLinux) (gcc (GCC) 12.1.0, GNU ld (GNU Binutils) 2.38) #5 SMP PREEMPT_RT Sun Jul 24 02:28:16 CST 2022
[    0.000000] Command line: root=/dev/sda console=ttyS0 earlyprintk=serial       oops=panic panic_on_warn=1 panic=86400 kvm-intel.nested=1       security=apparmor ima_policy=tcb workqueue.watchdog_thresh=140       nf-conntrack-ftp.ports=20000 nf-conntrack-tftp.ports=20000       nf-conntrack-sip.ports=20000 nf-conntrack-irc.ports=20000       nf-conntrack-sane.ports=20000 vivid.n_devs=16       vivid.multiplanar=1,2,1,2,1,2,1,2,1,2,1,2,1,2,1,2       spec_store_bypass_disable=prctl nopcid
[    0.000000] x86/fpu: Supporting XSAVE feature 0x001: 'x87 floating point registers'
[    0.000000] x86/fpu: Supporting XSAVE feature 0x002: 'SSE registers'
[    0.000000] x86/fpu: Supporting XSAVE feature 0x004: 'AVX registers'
[    0.000000] x86/fpu: Supporting XSAVE feature 0x008: 'MPX bounds registers'
[    0.000000] x86/fpu: Supporting XSAVE feature 0x010: 'MPX CSR'
[    0.000000] x86/fpu: xstate_offset[2]:  576, xstate_sizes[2]:  256
[    0.000000] x86/fpu: xstate_offset[3]:  832, xstate_sizes[3]:   64
[    0.000000] x86/fpu: xstate_offset[4]:  896, xstate_sizes[4]:   64
[    0.000000] x86/fpu: Enabled xstate features 0x1f, context size is 960 bytes, using 'compacted' format.
[    0.000000] signal: max sigframe size: 2032
[    0.000000] BIOS-provided physical RAM map:
[    0.000000] BIOS-e820: [mem 0x0000000000000000-0x000000000009fbff] usable
[    0.000000] BIOS-e820: [mem 0x000000000009fc00-0x000000000009ffff] reserved
[    0.000000] BIOS-e820: [mem 0x00000000000f0000-0x00000000000fffff] reserved
[    0.000000] BIOS-e820: [mem 0x0000000000100000-0x00000000bffdcfff] usable
[    0.000000] BIOS-e820: [mem 0x00000000bffdd000-0x00000000bfffffff] reserved
[    0.000000] BIOS-e820: [mem 0x00000000feffc000-0x00000000feffffff] reserved
[    0.000000] BIOS-e820: [mem 0x00000000fffc0000-0x00000000ffffffff] reserved
[    0.000000] BIOS-e820: [mem 0x0000000100000000-0x000000013fffffff] usable
Memory KASLR using RDRAND RDTSC...
[    0.000000] printk: bootconsole [earlyser0] enabled
[    0.000000] nopcid: PCID feature disabled
[    0.000000] NX (Execute Disable) protection: active
[    0.000000] SMBIOS 2.8 present.
[    0.000000] DMI: QEMU Standard PC (i440FX + PIIX, 1996), BIOS ArchLinux 1.16.0-1 04/01/2014
[    0.000000] Hypervisor detected: KVM
[    0.000000] kvm-clock: Using msrs 4b564d01 and 4b564d00
[    0.000002] kvm-clock: using sched offset of 285931861 cycles
[    0.000008] clocksource: kvm-clock: mask: 0xffffffffffffffff max_cycles: 0x1cd42e4dffb, max_idle_ns: 881590591483 ns
[    0.000016] tsc: Detected 4007.996 MHz processor
[    0.004194] last_pfn = 0x140000 max_arch_pfn = 0x400000000
[    0.004223] x86/PAT: Configuration [0-7]: WB  WC  UC- UC  WB  WP  UC- WT  
[    0.004693] last_pfn = 0xbffdd max_arch_pfn = 0x400000000
[    0.013472] found SMP MP-table at [mem 0x000f5b90-0x000f5b9f]
[    0.013659] Using GB pages for direct mapping
[    0.014290] ACPI: Early table checksum verification disabled
[    0.014335] ACPI: RSDP 0x00000000000F59A0 000014 (v00 BOCHS )
[    0.014355] ACPI: RSDT 0x00000000BFFE1B9C 000034 (v01 BOCHS  BXPC     00000001 BXPC 00000001)
[    0.014385] ACPI: FACP 0x00000000BFFE1A18 000074 (v01 BOCHS  BXPC     00000001 BXPC 00000001)
[    0.014408] ACPI: DSDT 0x00000000BFFE0040 0019D8 (v01 BOCHS  BXPC     00000001 BXPC 00000001)
[    0.014425] ACPI: FACS 0x00000000BFFE0000 000040
[    0.014438] ACPI: APIC 0x00000000BFFE1A8C 0000B0 (v01 BOCHS  BXPC     00000001 BXPC 00000001)
[    0.014456] ACPI: HPET 0x00000000BFFE1B3C 000038 (v01 BOCHS  BXPC     00000001 BXPC 00000001)
[    0.014474] ACPI: WAET 0x00000000BFFE1B74 000028 (v01 BOCHS  BXPC     00000001 BXPC 00000001)
[    0.014490] ACPI: Reserving FACP table memory at [mem 0xbffe1a18-0xbffe1a8b]
[    0.014496] ACPI: Reserving DSDT table memory at [mem 0xbffe0040-0xbffe1a17]
[    0.014502] ACPI: Reserving FACS table memory at [mem 0xbffe0000-0xbffe003f]
[    0.014507] ACPI: Reserving APIC table memory at [mem 0xbffe1a8c-0xbffe1b3b]
[    0.014526] ACPI: Reserving HPET table memory at [mem 0xbffe1b3c-0xbffe1b73]
[    0.014531] ACPI: Reserving WAET table memory at [mem 0xbffe1b74-0xbffe1b9b]
[    0.015523] No NUMA configuration found
[    0.015527] Faking a node at [mem 0x0000000000000000-0x000000013fffffff]
[    0.015555] NODE_DATA(0) allocated [mem 0x13fffc000-0x13fffffff]
[    0.015797] Zone ranges:
[    0.015799]   DMA      [mem 0x0000000000001000-0x0000000000ffffff]
[    0.015807]   DMA32    [mem 0x0000000001000000-0x00000000ffffffff]
[    0.015814]   Normal   [mem 0x0000000100000000-0x000000013fffffff]
[    0.015821] Movable zone start for each node
[    0.015823] Early memory node ranges
[    0.015824]   node   0: [mem 0x0000000000001000-0x000000000009efff]
[    0.015832]   node   0: [mem 0x0000000000100000-0x00000000bffdcfff]
[    0.015840]   node   0: [mem 0x0000000100000000-0x000000013fffffff]
[    0.015847] Initmem setup node 0 [mem 0x0000000000001000-0x000000013fffffff]
[    0.016012] On node 0, zone DMA: 1 pages in unavailable ranges
[    0.016042] On node 0, zone DMA: 97 pages in unavailable ranges
[    0.026628] On node 0, zone Normal: 35 pages in unavailable ranges
[    0.027076] ACPI: PM-Timer IO Port: 0x608
[    0.027105] ACPI: LAPIC_NMI (acpi_id[0xff] dfl dfl lint[0x1])
[    0.027157] IOAPIC[0]: apic_id 0, version 17, address 0xfec00000, GSI 0-23
[    0.027170] ACPI: INT_SRC_OVR (bus 0 bus_irq 0 global_irq 2 dfl dfl)
[    0.027178] ACPI: INT_SRC_OVR (bus 0 bus_irq 5 global_irq 5 high level)
[    0.027185] ACPI: INT_SRC_OVR (bus 0 bus_irq 9 global_irq 9 high level)
[    0.027194] ACPI: INT_SRC_OVR (bus 0 bus_irq 10 global_irq 10 high level)
[    0.027201] ACPI: INT_SRC_OVR (bus 0 bus_irq 11 global_irq 11 high level)
[    0.027224] ACPI: Using ACPI (MADT) for SMP configuration information
[    0.027228] ACPI: HPET id: 0x8086a201 base: 0xfed00000
[    0.027241] TSC deadline timer available
[    0.027248] smpboot: Allowing 8 CPUs, 0 hotplug CPUs
[    0.027301] kvm-guest: KVM setup pv remote TLB flush
[    0.027306] kvm-guest: setup PV sched yield
[    0.027352] PM: hibernation: Registered nosave memory: [mem 0x00000000-0x00000fff]
[    0.027361] PM: hibernation: Registered nosave memory: [mem 0x0009f000-0x0009ffff]
[    0.027366] PM: hibernation: Registered nosave memory: [mem 0x000a0000-0x000effff]
[    0.027371] PM: hibernation: Registered nosave memory: [mem 0x000f0000-0x000fffff]
[    0.027380] PM: hibernation: Registered nosave memory: [mem 0xbffdd000-0xbfffffff]
[    0.027385] PM: hibernation: Registered nosave memory: [mem 0xc0000000-0xfeffbfff]
[    0.027390] PM: hibernation: Registered nosave memory: [mem 0xfeffc000-0xfeffffff]
[    0.027395] PM: hibernation: Registered nosave memory: [mem 0xff000000-0xfffbffff]
[    0.027399] PM: hibernation: Registered nosave memory: [mem 0xfffc0000-0xffffffff]
[    0.027407] [mem 0xc0000000-0xfeffbfff] available for PCI devices
[    0.027412] Booting paravirtualized kernel on KVM
[    0.027425] clocksource: refined-jiffies: mask: 0xffffffff max_cycles: 0xffffffff, max_idle_ns: 1910969940391419 ns
[    0.033776] setup_percpu: NR_CPUS:64 nr_cpumask_bits:64 nr_cpu_ids:8 nr_node_ids:1
[    0.034105] percpu: Embedded 53 pages/cpu s177792 r8192 d31104 u262144
[    0.034286] Fallback order for Node 0: 0 
[    0.034296] Built 1 zonelists, mobility grouping on.  Total pages: 1031901
[    0.034302] Policy zone: Normal
[    0.034306] Kernel command line: root=/dev/sda console=ttyS0 earlyprintk=serial       oops=panic panic_on_warn=1 panic=86400 kvm-intel.nested=1       security=apparmor ima_policy=tcb workqueue.watchdog_thresh=140       nf-conntrack-ftp.ports=20000 nf-conntrack-tftp.ports=20000       nf-conntrack-sip.ports=20000 nf-conntrack-irc.ports=20000       nf-conntrack-sane.ports=20000 vivid.n_devs=16       vivid.multiplanar=1,2,1,2,1,2,1,2,1,2,1,2,1,2,1,2       spec_store_bypass_disable=prctl nopcid
[    0.034934] Unknown kernel command line parameters "ima_policy=tcb spec_store_bypass_disable=prctl", will be passed to user space.
[    0.035386] Dentry cache hash table entries: 524288 (order: 10, 4194304 bytes, linear)
[    0.035615] Inode-cache hash table entries: 262144 (order: 9, 2097152 bytes, linear)
[    0.035876] mem auto-init: stack:all(zero), heap alloc:off, heap free:off
[    0.056900] Memory: 4014152K/4193772K available (20492K kernel code, 2668K rwdata, 3852K rodata, 1544K init, 1956K bss, 179360K reserved, 0K cma-reserved)
[    0.057037] SLUB: HWalign=64, Order=0-3, MinObjects=0, CPUs=8, Nodes=1
[    0.057069] Kernel/User page tables isolation: enabled
[    0.057495] rcu: Preemptible hierarchical RCU implementation.
[    0.057497] rcu: 	RCU event tracing is enabled.
[    0.057499] rcu: 	RCU restricting CPUs from NR_CPUS=64 to nr_cpu_ids=8.
[    0.057503] rcu: 	RCU priority boosting: priority 1 delay 500 ms.
[    0.057506] rcu: 	RCU_SOFTIRQ processing moved to rcuc kthreads.
[    0.057508] 	No expedited grace period (rcu_normal_after_boot).
[    0.057510] 	Trampoline variant of Tasks RCU enabled.
[    0.057516] rcu: RCU calculated value of scheduler-enlistment delay is 100 jiffies.
[    0.057520] rcu: Adjusting geometry for rcu_fanout_leaf=16, nr_cpu_ids=8
[    0.060416] NR_IRQS: 4352, nr_irqs: 488, preallocated irqs: 16
[    0.060628] rcu: srcu_init: Setting srcu_struct sizes based on contention.
[    0.060709] random: crng init done
[    0.066119] Console: colour VGA+ 80x25
[    0.152569] printk: console [ttyS0] enabled
[    0.152572] printk: bootconsole [earlyser0] disabled
Poking KASLR using RDRAND RDTSC...
[    0.154231] ACPI: Core revision 20220331
[    0.154399] clocksource: hpet: mask: 0xffffffff max_cycles: 0xffffffff, max_idle_ns: 19112604467 ns
[    0.154505] APIC: Switch to symmetric I/O mode setup
[    0.154508] kvm-guest: setup PV IPIs
[    0.155557] ..TIMER: vector=0x30 apic1=0 pin1=2 apic2=-1 pin2=-1
[    0.155580] clocksource: tsc-early: mask: 0xffffffffffffffff max_cycles: 0x39c5ded8016, max_idle_ns: 440795406786 ns
[    0.155594] Calibrating delay loop (skipped) preset value.. 8015.99 BogoMIPS (lpj=4007996)
[    0.155598] pid_max: default: 32768 minimum: 301
[    0.155624] LSM: Security Framework initializing
[    0.155665] Mount-cache hash table entries: 8192 (order: 4, 65536 bytes, linear)
[    0.155674] Mountpoint-cache hash table entries: 8192 (order: 4, 65536 bytes, linear)
[    0.156629] x86/cpu: User Mode Instruction Prevention (UMIP) activated
[    0.156744] Last level iTLB entries: 4KB 0, 2MB 0, 4MB 0
[    0.156747] Last level dTLB entries: 4KB 0, 2MB 0, 4MB 0, 1GB 0
[    0.156772] Spectre V1 : Mitigation: usercopy/swapgs barriers and __user pointer sanitization
[    0.156790] Spectre V2 : Mitigation: IBRS
[    0.156793] Spectre V2 : Spectre v2 / SpectreRSB mitigation: Filling RSB on context switch
[    0.156795] RETBleed: Mitigation: IBRS
[    0.156811] Spectre V2 : mitigation: Enabling conditional Indirect Branch Prediction Barrier
[    0.156836] Speculative Store Bypass: Mitigation: Speculative Store Bypass disabled via prctl
[    0.156865] MDS: Mitigation: Clear CPU buffers
[    0.156868] MMIO Stale Data: Vulnerable: Clear CPU buffers attempted, no microcode
[    0.156872] SRBDS: Unknown: Dependent on hypervisor status
[    0.211117] Freeing SMP alternatives memory: 44K
[    0.211263] smpboot: CPU0: Intel(R) Core(TM) i7-6700K CPU @ 4.00GHz (family: 0x6, model: 0x5e, stepping: 0x3)
[    0.239259] cblist_init_generic: Setting adjustable number of callback queues.
[    0.239264] cblist_init_generic: Setting shift to 3 and lim to 1.
[    0.241548] Performance Events: Skylake events, full-width counters, Intel PMU driver.
[    0.242905] ... version:                2
[    0.243589] ... bit width:              48
[    0.244330] ... generic registers:      4
[    0.244994] ... value mask:             0000ffffffffffff
[    0.245883] ... max period:             00007fffffffffff
[    0.246832] ... fixed-purpose events:   3
[    0.247564] ... event mask:             000000070000000f
[    0.248732] rcu: Hierarchical SRCU implementation.
[    0.248748] printk: console [ttyS0] printing thread started
[    0.252193] smp: Bringing up secondary CPUs ...
[    0.252411] x86: Booting SMP configuration:
[    0.252413] .... node  #0, CPUs:      #1 #2 #3 #4 #5 #6 #7
[    0.259173] smp: Brought up 1 node, 8 CPUs
[    0.259173] smpboot: Max logical packages: 1
[    0.259173] smpboot: Total of 8 processors activated (64127.93 BogoMIPS)
[    0.270246] devtmpfs: initialized
[    0.271794] clocksource: jiffies: mask: 0xffffffff max_cycles: 0xffffffff, max_idle_ns: 1911260446275000 ns
[    0.271803] futex hash table entries: 2048 (order: 5, 131072 bytes, linear)
[    0.271974] PM: RTC time: 18:56:20, date: 2022-07-23
[    0.272285] NET: Registered PF_NETLINK/PF_ROUTE protocol family
[    0.272804] audit: initializing netlink subsys (disabled)
[    0.272823] audit: type=2000 audit(1658602580.971:1): state=initialized audit_enabled=0 res=1
[    0.272862] thermal_sys: Registered thermal governor 'step_wise'
[    0.272866] thermal_sys: Registered thermal governor 'user_space'
[    0.274309] cpuidle: using governor menu
[    0.275962] PCI: Using configuration type 1 for base access
[    0.286049] kprobes: kprobe jump-optimization is enabled. All kprobes are optimized if possible.
[    0.286608] HugeTLB: can optimize 7 vmemmap pages for hugepages-2048kB
[    0.286613] HugeTLB registered 2.00 MiB page size, pre-allocated 0 pages
[    0.286723] ACPI: Added _OSI(Module Device)
[    0.286723] ACPI: Added _OSI(Processor Device)
[    0.286723] ACPI: Added _OSI(3.0 _SCP Extensions)
[    0.286723] ACPI: Added _OSI(Processor Aggregator Device)
[    0.286723] ACPI: Added _OSI(Linux-Dell-Video)
[    0.286723] ACPI: Added _OSI(Linux-Lenovo-NV-HDMI-Audio)
[    0.286723] ACPI: Added _OSI(Linux-HPI-Hybrid-Graphics)
[    0.290308] ACPI: 1 ACPI AML tables successfully acquired and loaded
[    0.294210] ACPI: Interpreter enabled
[    0.294262] ACPI: PM: (supports S0 S3 S4 S5)
[    0.294265] ACPI: Using IOAPIC for interrupt routing
[    0.294294] PCI: Using host bridge windows from ACPI; if necessary, use "pci=nocrs" and report a bug
[    0.294298] PCI: Using E820 reservations for host bridge windows
[    0.294718] ACPI: Enabled 2 GPEs in block 00 to 0F
[    0.308275] ACPI: PCI Root Bridge [PCI0] (domain 0000 [bus 00-ff])
[    0.308296] acpi PNP0A03:00: _OSC: OS supports [ASPM ClockPM Segments MSI HPX-Type3]
[    0.308309] acpi PNP0A03:00: _OSC: not requesting OS control; OS requires [ExtendedConfig ASPM ClockPM MSI]
[    0.308352] acpi PNP0A03:00: fail to add MMCONFIG information, can't access extended PCI configuration space under this bridge.
[    0.308525] PCI host bridge to bus 0000:00
[    0.308531] pci_bus 0000:00: root bus resource [io  0x0000-0x0cf7 window]
[    0.308542] pci_bus 0000:00: root bus resource [io  0x0d00-0xffff window]
[    0.308553] pci_bus 0000:00: root bus resource [mem 0x000a0000-0x000bffff window]
[    0.308564] pci_bus 0000:00: root bus resource [mem 0xc0000000-0xfebfffff window]
[    0.308576] pci_bus 0000:00: root bus resource [mem 0x140000000-0x1bfffffff window]
[    0.308593] pci_bus 0000:00: root bus resource [bus 00-ff]
[    0.308701] pci 0000:00:00.0: [8086:1237] type 00 class 0x060000
[    0.311200] pci 0000:00:01.0: [8086:7000] type 00 class 0x060100
[    0.312487] pci 0000:00:01.1: [8086:7010] type 00 class 0x010180
[    0.314595] pci 0000:00:01.1: reg 0x20: [io  0xc080-0xc08f]
[    0.315639] pci 0000:00:01.1: legacy IDE quirk: reg 0x10: [io  0x01f0-0x01f7]
[    0.315650] pci 0000:00:01.1: legacy IDE quirk: reg 0x14: [io  0x03f6]
[    0.315658] pci 0000:00:01.1: legacy IDE quirk: reg 0x18: [io  0x0170-0x0177]
[    0.315667] pci 0000:00:01.1: legacy IDE quirk: reg 0x1c: [io  0x0376]
[    0.315998] pci 0000:00:01.3: [8086:7113] type 00 class 0x068000
[    0.316810] pci 0000:00:01.3: quirk: [io  0x0600-0x063f] claimed by PIIX4 ACPI
[    0.316839] pci 0000:00:01.3: quirk: [io  0x0700-0x070f] claimed by PIIX4 SMB
[    0.318959] pci 0000:00:02.0: [1234:1111] type 00 class 0x030000
[    0.321206] pci 0000:00:02.0: reg 0x10: [mem 0xfd000000-0xfdffffff pref]
[    0.323077] pci 0000:00:02.0: reg 0x18: [mem 0xfebf0000-0xfebf0fff]
[    0.326560] pci 0000:00:02.0: reg 0x30: [mem 0xfebe0000-0xfebeffff pref]
[    0.326796] pci 0000:00:02.0: Video device with shadowed ROM at [mem 0x000c0000-0x000dffff]
[    0.329830] pci 0000:00:03.0: [8086:100e] type 00 class 0x020000
[    0.331595] pci 0000:00:03.0: reg 0x10: [mem 0xfebc0000-0xfebdffff]
[    0.332534] pci 0000:00:03.0: reg 0x14: [io  0xc000-0xc03f]
[    0.336596] pci 0000:00:03.0: reg 0x30: [mem 0xfeb80000-0xfebbffff pref]
[    0.338683] pci 0000:00:04.0: [1af4:1004] type 00 class 0x010000
[    0.339595] pci 0000:00:04.0: reg 0x10: [io  0xc040-0xc07f]
[    0.341595] pci 0000:00:04.0: reg 0x14: [mem 0xfebf1000-0xfebf1fff]
[    0.346122] pci 0000:00:04.0: reg 0x20: [mem 0xfe000000-0xfe003fff 64bit pref]
[    0.350599] ACPI: PCI: Interrupt link LNKA configured for IRQ 10
[    0.350859] ACPI: PCI: Interrupt link LNKB configured for IRQ 10
[    0.351176] ACPI: PCI: Interrupt link LNKC configured for IRQ 11
[    0.351446] ACPI: PCI: Interrupt link LNKD configured for IRQ 11
[    0.351568] ACPI: PCI: Interrupt link LNKS configured for IRQ 9
[    0.353355] iommu: Default domain type: Translated 
[    0.353359] iommu: DMA domain TLB invalidation policy: lazy mode 
[    0.353603] SCSI subsystem initialized
[    0.354729] ACPI: bus type USB registered
[    0.354788] usbcore: registered new interface driver usbfs
[    0.354822] usbcore: registered new interface driver hub
[    0.354845] usbcore: registered new device driver usb
[    0.354899] pps_core: LinuxPPS API ver. 1 registered
[    0.354903] pps_core: Software ver. 5.3.6 - Copyright 2005-2007 Rodolfo Giometti <giometti@linux.it>
[    0.354914] PTP clock support registered
[    0.354967] Advanced Linux Sound Architecture Driver Initialized.
[    0.354967] NetLabel: Initializing
[    0.354967] NetLabel:  domain hash size = 128
[    0.354967] NetLabel:  protocols = UNLABELED CIPSOv4 CALIPSO
[    0.354967] NetLabel:  unlabeled traffic allowed by default
[    0.355653] PCI: Using ACPI for IRQ routing
[    0.355925] pci 0000:00:02.0: vgaarb: setting as boot VGA device
[    0.355925] pci 0000:00:02.0: vgaarb: bridge control possible
[    0.355925] pci 0000:00:02.0: vgaarb: VGA device added: decodes=io+mem,owns=io+mem,locks=none
[    0.355925] vgaarb: loaded
[    0.355925] hpet0: at MMIO 0xfed00000, IRQs 2, 8, 0
[    0.355925] hpet0: 3 comparators, 64-bit 100.000000 MHz counter
[    0.392649] clocksource: Switched to clocksource kvm-clock
[    0.393045] VFS: Disk quotas dquot_6.6.0
[    0.393081] VFS: Dquot-cache hash table entries: 512 (order 0, 4096 bytes)
[    0.393225] pnp: PnP ACPI init
[    0.394584] pnp: PnP ACPI: found 6 devices
[    0.413941] clocksource: acpi_pm: mask: 0xffffff max_cycles: 0xffffff, max_idle_ns: 2085701024 ns
[    0.414016] NET: Registered PF_INET protocol family
[    0.414323] IP idents hash table entries: 65536 (order: 7, 524288 bytes, linear)
[    0.416150] tcp_listen_portaddr_hash hash table entries: 2048 (order: 4, 81920 bytes, linear)
[    0.416182] Table-perturb hash table entries: 65536 (order: 6, 262144 bytes, linear)
[    0.416192] TCP established hash table entries: 32768 (order: 6, 262144 bytes, linear)
[    0.416476] TCP bind hash table entries: 32768 (order: 8, 1310720 bytes, linear)
[    0.417179] TCP: Hash tables configured (established 32768 bind 32768)
[    0.417244] UDP hash table entries: 2048 (order: 5, 196608 bytes, linear)
[    0.417313] UDP-Lite hash table entries: 2048 (order: 5, 196608 bytes, linear)
[    0.417467] NET: Registered PF_UNIX/PF_LOCAL protocol family
[    0.430067] RPC: Registered named UNIX socket transport module.
[    0.430072] RPC: Registered udp transport module.
[    0.430076] RPC: Registered tcp transport module.
[    0.430079] RPC: Registered tcp NFSv4.1 backchannel transport module.
[    0.437556] pci_bus 0000:00: resource 4 [io  0x0000-0x0cf7 window]
[    0.437580] pci_bus 0000:00: resource 5 [io  0x0d00-0xffff window]
[    0.437736] pci_bus 0000:00: resource 6 [mem 0x000a0000-0x000bffff window]
[    0.437750] pci_bus 0000:00: resource 7 [mem 0xc0000000-0xfebfffff window]
[    0.437761] pci_bus 0000:00: resource 8 [mem 0x140000000-0x1bfffffff window]
[    0.437938] pci 0000:00:01.0: PIIX3: Enabling Passive Release
[    0.437967] pci 0000:00:00.0: Limiting direct PCI/PCI transfers
[    0.437995] pci 0000:00:01.0: Activating ISA DMA hang workarounds
[    0.438173] PCI: CLS 0 bytes, default 64
[    0.438850] PCI-DMA: Using software bounce buffering for IO (SWIOTLB)
[    0.438854] software IO TLB: mapped [mem 0x00000000bbfdd000-0x00000000bffdd000] (64MB)
[    0.442234] RAPL PMU: API unit is 2^-32 Joules, 0 fixed counters, 10737418240 ms ovfl timer
[    0.442275] clocksource: tsc: mask: 0xffffffffffffffff max_cycles: 0x39c5ded8016, max_idle_ns: 440795406786 ns
[    1.554468] Initialise system trusted keyrings
[    1.554784] workingset: timestamp_bits=56 max_order=20 bucket_order=0
[    1.560499] NFS: Registering the id_resolver key type
[    1.560509] Key type id_resolver registered
[    1.560512] Key type id_legacy registered
[    1.560686] 9p: Installing v9fs 9p2000 file system support
[    1.570999] Key type asymmetric registered
[    1.571006] Asymmetric key parser 'x509' registered
[    1.571035] Block layer SCSI generic (bsg) driver version 0.4 loaded (major 251)
[    1.571044] io scheduler mq-deadline registered
[    1.571048] io scheduler kyber registered
[    1.571682] input: Power Button as /devices/LNXSYSTM:00/LNXPWRBN:00/input/input0
[    1.575774] ACPI: button: Power Button [PWRF]
[    1.689036] ACPI: \_SB_.LNKD: Enabled at IRQ 11
[    1.690700] Serial: 8250/16550 driver, 4 ports, IRQ sharing enabled
[    1.692278] 00:04: ttyS0 at I/O 0x3f8 (irq = 4, base_baud = 115200) is a 16550A
[    1.695011] Non-volatile memory driver v1.3
[    1.695014] Linux agpgart interface v0.103
[    1.695198] ACPI: bus type drm_connector registered
[    1.703285] loop: module loaded
[    1.709642] scsi host0: Virtio SCSI HBA
[    1.711388] scsi 0:0:0:0: Direct-Access     QEMU     QEMU HARDDISK    2.5+ PQ: 0 ANSI: 5
[    1.755488] sd 0:0:0:0: Attached scsi generic sg0 type 0
[    1.755664] sd 0:0:0:0: Power-on or device reset occurred
[    1.755885] sd 0:0:0:0: [sda] 4194304 512-byte logical blocks: (2.15 GB/2.00 GiB)
[    1.756144] sd 0:0:0:0: [sda] Write Protect is off
[    1.756307] sd 0:0:0:0: [sda] Write cache: enabled, read cache: enabled, doesn't support DPO or FUA
[    1.757955] sd 0:0:0:0: [sda] Attached SCSI disk
[    1.759538] scsi host1: ata_piix
[    1.764363] scsi host2: ata_piix
[    1.764444] ata1: PATA max MWDMA2 cmd 0x1f0 ctl 0x3f6 bmdma 0xc080 irq 14
[    1.764450] ata2: PATA max MWDMA2 cmd 0x170 ctl 0x376 bmdma 0xc088 irq 15
[    1.765205] e100: Intel(R) PRO/100 Network Driver
[    1.765208] e100: Copyright(c) 1999-2006 Intel Corporation
[    1.765237] e1000: Intel(R) PRO/1000 Network Driver
[    1.765240] e1000: Copyright (c) 1999-2006 Intel Corporation.
[    1.859723] ACPI: \_SB_.LNKC: Enabled at IRQ 10
[    2.172138] e1000 0000:00:03.0 eth0: (PCI:33MHz:32-bit) 52:54:00:12:34:56
[    2.172156] e1000 0000:00:03.0 eth0: Intel(R) PRO/1000 Network Connection
[    2.172205] e1000e: Intel(R) PRO/1000 Network Driver
[    2.172207] e1000e: Copyright(c) 1999 - 2015 Intel Corporation.
[    2.172249] sky2: driver version 1.30
[    2.172517] ehci_hcd: USB 2.0 'Enhanced' Host Controller (EHCI) Driver
[    2.172520] ehci-pci: EHCI PCI platform driver
[    2.172544] ohci_hcd: USB 1.1 'Open' Host Controller (OHCI) Driver
[    2.172550] ohci-pci: OHCI PCI platform driver
[    2.172571] uhci_hcd: USB Universal Host Controller Interface driver
[    2.172668] usbcore: registered new interface driver usblp
[    2.172692] usbcore: registered new interface driver usb-storage
[    2.172765] i8042: PNP: PS/2 Controller [PNP0303:KBD,PNP0f13:MOU] at 0x60,0x64 irq 1,12
[    2.173972] irq/12-i8042 (125) used greatest stack depth: 15296 bytes left
[    2.183671] serio: i8042 KBD port at 0x60,0x64 irq 1
[    2.183785] serio: i8042 AUX port at 0x60,0x64 irq 12
[    2.193043] rtc_cmos 00:05: RTC can wake from S4
[    2.201956] rtc_cmos 00:05: registered as rtc0
[    2.202003] rtc_cmos 00:05: alarms up to one day, y3k, 242 bytes nvram, hpet irqs
[    2.202420] device-mapper: ioctl: 4.46.0-ioctl (2022-02-22) initialised: dm-devel@redhat.com
[    2.202434] intel_pstate: CPU model not supported
[    2.202473] hid: raw HID events driver (C) Jiri Kosina
[    2.203046] usbcore: registered new interface driver usbhid
[    2.203050] usbhid: USB HID core driver
[    2.205583] input: AT Translated Set 2 keyboard as /devices/platform/i8042/serio0/input/input1
[    2.207152] nf_conntrack_irc: failed to register helpers
[    2.835611] input: ImExPS/2 Generic Explorer Mouse as /devices/platform/i8042/serio1/input/input3
[    3.258333] nf_conntrack_sip: failed to register helpers
[    3.258647] Initializing XFRM netlink socket
[    3.258928] NET: Registered PF_INET6 protocol family
[    3.259616] Segment Routing with IPv6
[    3.259630] In-situ OAM (IOAM) with IPv6
[    3.259683] sit: IPv6, IPv4 and MPLS over IPv4 tunneling driver
[    3.259924] NET: Registered PF_PACKET protocol family
[    3.260014] 9pnet: Installing 9P2000 support
[    3.260037] Key type dns_resolver registered
[    3.261939] IPI shorthand broadcast: enabled
[    3.261982] sched_clock: Marking stable (3167636572, 93953862)->(3294091807, -32501373)
[    3.262389] registered taskstats version 1
[    3.262393] Loading compiled-in X.509 certificates
[    3.269967] PM:   Magic number: 14:535:949
[    3.269987] mdio_bus fixed-0: hash matches
[    3.270012] cpuid cpu4: hash matches
[    3.270026] tty tty6: hash matches
[    3.270052] processor cpu4: hash matches
[    3.271077] printk: console [netcon0] printing thread started
[    3.271083] printk: console [netcon0] enabled
[    3.271088] netconsole: network logging started
[    3.271746] cfg80211: Loading compiled-in X.509 certificates for regulatory database
[    3.272034] kworker/u16:0 (157) used greatest stack depth: 14024 bytes left
[    3.275799] cfg80211: Loaded X.509 cert 'sforshee: 00b28ddf47aef9cea7'
[    3.275873] platform regulatory.0: Direct firmware load for regulatory.db failed with error -2
[    3.275884] cfg80211: failed to load regulatory.db
[    3.275917] ALSA device list:
[    3.275920]   No soundcards found.
[    3.277912] md: Waiting for all devices to be available before autodetect
[    3.277916] md: If you don't use raid, use raid=noautodetect
[    3.277922] md: Autodetecting RAID arrays.
[    3.277926] md: autorun ...
[    3.277928] md: ... autorun DONE.
[    3.283701] EXT4-fs (sda): INFO: recovery required on readonly filesystem
[    3.283708] EXT4-fs (sda): write access will be enabled during recovery
[    3.298215] EXT4-fs (sda): recovery complete
[    3.316977] EXT4-fs (sda): mounted filesystem with ordered data mode. Quota mode: none.
[    3.317043] VFS: Mounted root (ext4 filesystem) readonly on device 8:0.
[    3.317225] devtmpfs: mounted
[    3.318668] Freeing unused kernel image (initmem) memory: 1544K
[    3.318862] Write protecting the kernel read-only data: 26624k
[    3.322399] Freeing unused kernel image (text/rodata gap) memory: 2032K
[    3.322895] Freeing unused kernel image (rodata/data gap) memory: 244K
[    3.323072] Run /sbin/init as init process

Welcome to [1mDebian GNU/Linux 9 (stretch)[0m!

[    3.380861] systemd[1]: systemd 232 running in system mode. (+PAM +AUDIT +SELINUX +IMA +APPARMOR +SMACK +SYSVINIT +UTMP +LIBCRYPTSETUP +GCRYPT +GNUTLS +ACL +XZ +LZ4 +SECCOMP +BLKID +ELFUTILS +KMOD +IDN)
[    3.380947] systemd[1]: Detected virtualization qemu.
[    3.380960] systemd[1]: Detected architecture x86-64.
[    3.384760] systemd[1]: Set hostname to <syzkaller>.
[    3.395575] selinuxenabled (172) used greatest stack depth: 12952 bytes left
[    3.446544] systemd[1]: Reached target Swap.
[[0;32m  OK  [0m] Reached target Swap.
[[0;32m  OK  [0m] Listening on udev Control Socket.
[[0;32m  OK  [0m] Set up automount Arbitrary Executabâ€¦rmats File System Automount Point.
[    3.448085] systemd[1]: Listening on udev Control Socket.
[    3.449635] systemd[1]: Set up automount Arbitrary Executable File Formats File System Automount Point.
[[0;32m  OK  [0m] Started Dispatch Password Requests to Console Directory Watch.
[    3.454972] systemd[1]: Started Dispatch Password Requests to Console Directory Watch.
[[0;32m  OK  [0m] Listening on /dev/initctl Compatibility Named Pipe.
[    3.457434] systemd[1]: Listening on /dev/initctl Compatibility Named Pipe.
[[0;32m  OK  [0m] Listening on Syslog Socket.
[[0;32m  OK  [0m] Listening on udev Kernel Socket.
[    3.459710] systemd[1]: Listening on Syslog Socket.
[[0;32m  OK  [0m] Listening on Journal Socket.
[[0;32m  OK  [0m] Reached target Remote File Systems.
[[0;32m  OK  [0m] Created slice System Slice.
         Mounting /sys/kernel/config...
         Mounting /proc/sys/fs/binfmt_misc...
         Starting Load Kernel Modules...
         Mounting /sys/kernel/debug...
         Mounting POSIX Message Queue File System...
[[0;32m  OK  [0m] Reached target Slices.
         Starting Remount Root and Kernel File Systems...
[[0;32m  OK  [0m] Created slice system-serial\x2dgetty.slice.
         Starting Create Static Device Nodes in /dev...
[[0;32m  OK  [0m] Listening on Journal Socket (/dev/log).
[[0;32m  OK  [0m] Created slice system-getty.slice.
[[0;32m  OK  [0m] Listening on Journal Audit Socket.
[[0;32m  OK  [0m] Reached target Sockets.
         Starting Journal Service...
[[0;32m  OK  [0m] Started Forward Password Requests to Wall Directory Watch.
[[0;32m  OK  [0m] Reached target Paths.
[[0;32m  OK  [0m] Reached target Encrypted Volumes.
[    3.510549] EXT4-fs (sda): re-mounted. Quota mode: none.
[[0;32m  OK  [0m] Mounted POSIX Message Queue File System.
[[0;32m  OK  [0m] Mounted /sys/kernel/debug.
[[0;32m  OK  [0m] Mounted /sys/kernel/config.
[[0;32m  OK  [0m] Mounted /proc/sys/fs/binfmt_misc.
[[0;32m  OK  [0m] Started Load Kernel Modules.
[[0;32m  OK  [0m] Started Remount Root and Kernel File Systems.
[[0;32m  OK  [0m] Started Create Static Device Nodes in /dev.
         Starting udev Kernel Device Manager...
[[0;32m  OK  [0m] Reached target Local File Systems (Pre).
         Starting Load/Save Random Seed...
         Starting udev Coldplug all Devices...
         Starting Apply Kernel Variables...
[[0;32m  OK  [0m] Reached target Local File Systems.
[[0;32m  OK  [0m] Started Journal Service.
[[0;32m  OK  [0m] Started Load/Save Random Seed.
[[0;32m  OK  [0m] Started Apply Kernel Variables.
[[0;32m  OK  [0m] Started udev Kernel Device Manager.
         Starting Raise network interfaces...
         Starting Flush Journal to Persistent Storage...
[    3.578575] systemd-journald[195]: Received request to flush runtime journal from PID 1
[[0;32m  OK  [0m] Started Flush Journal to Persistent Storage.
         Starting Create Volatile Files and Directories...
[[0;32m  OK  [0m] Started Create Volatile Files and Directories.
[    3.612241] systemd-tmpfile (233) used greatest stack depth: 12848 bytes left
         Starting Network Time Synchronization...
         Starting Update UTMP about System Boot/Shutdown...
[[0;32m  OK  [0m] Started Update UTMP about System Boot/Shutdown.
[[0;32m  OK  [0m] Started udev Coldplug all Devices.
[[0;32m  OK  [0m] Found device /dev/ttyS0.
[    3.747020] ip (297) used greatest stack depth: 12400 bytes left
[    3.748112] e1000: eth0 NIC Link is Up 1000 Mbps Full Duplex, Flow Control: RX
[    3.751496] IPv6: ADDRCONF(NETDEV_CHANGE): eth0: link becomes ready
[[0;1;31mFAILED[0m] Failed to start Network Time Synchronization.
See 'systemctl status systemd-timesyncd.service' for details.
[[0;32m  OK  [0m] Listening on Load/Save RF Kill Switch Status /dev/rfkill Watch.
[[0;32m  OK  [0m] Stopped Network Time Synchronization.
         Starting Network Time Synchronization...
[[0;1;31mFAILED[0m] Failed to start Network Time Synchronization.
See 'systemctl status systemd-timesyncd.service' for details.
[[0;32m  OK  [0m] Stopped Network Time Synchronization.
         Starting Network Time Synchronization...
[[0;1;31mFAILED[0m] Failed to start Network Time Synchronization.
See 'systemctl status systemd-timesyncd.service' for details.
[[0;32m  OK  [0m] Stopped Network Time Synchronization.
         Starting Network Time Synchronization...
[[0;1;31mFAILED[0m] Failed to start Network Time Synchronization.
See 'systemctl status systemd-timesyncd.service' for details.
[[0;32m  OK  [0m] Stopped Network Time Synchronization.
         Starting Network Time Synchronization...
[[0;1;31mFAILED[0m] Failed to start Network Time Synchronization.
See 'systemctl status systemd-timesyncd.service' for details.
[[0;32m  OK  [0m] Stopped Network Time Synchronization.
[[0;1;31mFAILED[0m] Failed to start Network Time Synchronization.
See 'systemctl status systemd-timesyncd.service' for details.
[[0;32m  OK  [0m] Reached target System Initialization.
[[0;32m  OK  [0m] Reached target Basic System.
         Starting System Logging Service...
[[0;32m  OK  [0m] Started Daily Cleanup of Temporary Directories.
[[0;32m  OK  [0m] Started Regular background program processing daemon.
         Starting getty on tty2-tty6 if dbus and logind are not available...
[[0;32m  OK  [0m] Reached target System Time Synchronized.
[[0;32m  OK  [0m] Started Daily apt download activities.
[[0;32m  OK  [0m] Started Daily apt upgrade and clean activities.
[[0;32m  OK  [0m] Reached target Timers.
[[0;32m  OK  [0m] Started System Logging Service.
[[0;32m  OK  [0m] Started getty on tty2-tty6 if dbus and logind are not available.
[[0;32m  OK  [0m] Started Raise network interfaces.
[[0;32m  OK  [0m] Reached target Network.
         Starting Permit User Sessions...
[[0;32m  OK  [0m] Reached target Network is Online.
         Starting Daily apt download activities...
         Starting OpenBSD Secure Shell server...
[[0;32m  OK  [0m] Started Permit User Sessions.
[[0;32m  OK  [0m] Started Getty on tty2.
[[0;32m  OK  [0m] Started Getty on tty3.
[[0;32m  OK  [0m] Started Getty on tty5.
[[0;32m  OK  [0m] Started Getty on tty6.
[[0;32m  OK  [0m] Started Getty on tty4.
[[0;32m  OK  [0m] Started Serial Getty on ttyS0.
[[0;32m  OK  [0m] Started Getty on tty1.
[[0;32m  OK  [0m] Reached target Login Prompts.
[[0;32m  OK  [0m] Started OpenBSD Secure Shell server.
[[0;32m  OK  [0m] Reached target Multi-User System.
[[0;32m  OK  [0m] Reached target Graphical Interface.
         Starting Update UTMP about System Runlevel Changes...
[[0;32m  OK  [0m] Started Update UTMP about System Runlevel Changes.
[[0;32m  OK  [0m] Started Daily apt download activities.

Debian GNU/Linux 9 syzkaller ttyS0

syzkaller login: [   21.543931] work_test: loading out-of-tree module taints kernel.
[   21.553543] work-test:Planted return probe at worker_thread: 00000000f9caf133
[   21.566778] work-test:Planted return probe at workqueue_offline_cpu: 000000007c154922
[   21.566809] hrtimer: interrupt took 14663 ns
[   24.935421] sysrq: Changing Loglevel
[   24.935906] sysrq: Loglevel set to 9
[   24.939945] sysrq: Changing Loglevel
[   24.940247] sysrq: Loglevel set to 9
[   24.947201] sysrq: Changing Loglevel
[   24.947939] sysrq: Loglevel set to 9
[   24.950679] sysrq: Changing Loglevel
[   24.950684] sysrq: Loglevel set to 9
[   24.951967] sysrq: Changing Loglevel
[   24.951971] sysrq: Loglevel set to 9
[   24.952802] sysrq: Changing Loglevel
[   24.952807] sysrq: Loglevel set to 9
[   24.959118] sysrq: Changing Loglevel
[   24.959121] sysrq: Loglevel set to 9
[   24.964065] sysrq: Changing Loglevel
[   24.964897] sysrq: Loglevel set to 9
[   34.960085] work-test:wq_ret_handler returned 0 and took 24591 ns to execute
[   34.994336] smpboot: CPU 1 is now offline
[   35.025029] work-test:wq_ret_handler returned 0 and took 15110 ns to execute
[   35.073190] smpboot: CPU 4 is now offline
[   35.147771] work-test:wq_ret_handler returned 0 and took 11754 ns to execute
[   35.152237] smpboot: CPU 6 is now offline
[   35.160959] work-test:wq_ret_handler returned 0 and took 32378 ns to execute
[   35.194450] smpboot: CPU 7 is now offline
[   35.245967] smpboot: Booting Node 0 Processor 6 APIC 0x6
[   35.258437] work-test:wq_ret_handler returned 0 and took 19120 ns to execute
[   35.294441] smpboot: CPU 3 is now offline
[   35.414476] work-test:wq_ret_handler returned 0 and took 19133 ns to execute
[   35.574411] smpboot: CPU 5 is now offline
[   35.603953] work-test:wq_ret_handler returned 0 and took 19576 ns to execute
[   35.605420] smpboot: CPU 2 is now offline
[   36.014703] x86: Booting SMP configuration:
[   36.014707] smpboot: Booting Node 0 Processor 1 APIC 0x1
[   36.150712] smpboot: Booting Node 0 Processor 4 APIC 0x4
[   36.214712] smpboot: Booting Node 0 Processor 7 APIC 0x7
[   37.369623] work-test:ret_handler returned 0 and took 2073759871 ns to execute
[   37.577609] work-test:ret_handler returned 0 and took 2161642440 ns to execute
[   37.577618] work-test:ret_handler returned 0 and took 2104322224 ns to execute
[   38.424761] smpboot: Booting Node 0 Processor 3 APIC 0x3
[   38.599672] smpboot: Booting Node 0 Processor 5 APIC 0x5
[   38.674740] smpboot: Booting Node 0 Processor 2 APIC 0x2
[   42.294938] work-test:wq_ret_handler returned 0 and took 15962 ns to execute
[   42.351598] smpboot: CPU 4 is now offline
[   42.529713] smpboot: Booting Node 0 Processor 4 APIC 0x4
[   43.778763] work-test:wq_ret_handler returned 0 and took 17480 ns to execute
[   43.842665] smpboot: CPU 2 is now offline
[   44.537614] work-test:ret_handler returned 0 and took 9473008599 ns to execute
[   45.669550] work-test:ret_handler returned 0 and took 6567225762 ns to execute
[   46.087655] work-test:wq_ret_handler returned 0 and took 18886 ns to execute
[   46.141134] smpboot: CPU 1 is now offline
[   46.942691] smpboot: Booting Node 0 Processor 2 APIC 0x2
[   47.808616] work-test:ret_handler returned 0 and took 4305269566 ns to execute
[   47.838131] work-test:wq_ret_handler returned 0 and took 15774 ns to execute
[   48.011787] smpboot: CPU 4 is now offline
[   48.226691] x86: Booting SMP configuration:
[   48.226694] smpboot: Booting Node 0 Processor 1 APIC 0x1
[   49.113690] smpboot: Booting Node 0 Processor 4 APIC 0x4
[   49.367958] work-test:wq_ret_handler returned 0 and took 19088 ns to execute
[   49.541809] smpboot: CPU 6 is now offline
[   49.591409] smpboot: Booting Node 0 Processor 6 APIC 0x6
[   49.696888] work-test:wq_ret_handler returned 0 and took 11652 ns to execute
[   49.974753] smpboot: CPU 5 is now offline
[   49.990970] work-test:wq_ret_handler returned 0 and took 17821 ns to execute
[   50.105664] work-test:ret_handler returned 0 and took 7750063813 ns to execute
[   50.325208] smpboot: CPU 2 is now offline
[   50.341616] smpboot: Booting Node 0 Processor 2 APIC 0x2
[   50.431687] smpboot: Booting Node 0 Processor 5 APIC 0x5
[   51.350384] work-test:wq_ret_handler returned 0 and took 12480 ns to execute
[   51.379277] smpboot: CPU 4 is now offline
[   51.913623] work-test:ret_handler returned 0 and took 2209163227 ns to execute
[   52.226624] work-test:ret_handler returned 0 and took 2233021639 ns to execute
[   52.371619] work-test:ret_handler returned 0 and took 2172010426 ns to execute
[   52.563319] work-test:wq_ret_handler returned 0 and took 12465 ns to execute
[   52.659705] smpboot: CPU 3 is now offline
[   52.684993] smpboot: Booting Node 0 Processor 3 APIC 0x3
[   54.401676] smpboot: Booting Node 0 Processor 4 APIC 0x4
[   56.276700] work-test:wq_ret_handler returned 0 and took 181286 ns to execute
[   56.355214] smpboot: CPU 7 is now offline
[   59.404688] smpboot: Booting Node 0 Processor 7 APIC 0x7
[   60.563455] work-test:wq_ret_handler returned 0 and took 22994 ns to execute
[   60.643660] smpboot: CPU 5 is now offline
[   60.710797] smpboot: Booting Node 0 Processor 5 APIC 0x5
[   61.440834] work-test:wq_ret_handler returned 0 and took 20383 ns to execute
[   61.639771] smpboot: CPU 2 is now offline
[   62.717621] work-test:ret_handler returned 0 and took 12921892810 ns to execute
[   63.681628] work-test:ret_handler returned 0 and took 19889029314 ns to execute
[   63.683807] work-test:ret_handler returned 0 and took 2229207894 ns to execute
[   63.764183] work-test:wq_ret_handler returned 0 and took 19262 ns to execute
[   63.843687] smpboot: CPU 6 is now offline
[   64.751034] smpboot: Booting Node 0 Processor 2 APIC 0x2
[   64.986033] work-test:wq_ret_handler returned 0 and took 22927 ns to execute
[   65.014919] smpboot: CPU 5 is now offline
[   65.112803] smpboot: Booting Node 0 Processor 6 APIC 0x6
[   65.149692] smpboot: Booting Node 0 Processor 5 APIC 0x5
[   67.130623] work-test:ret_handler returned 0 and took 6505022993 ns to execute
[   67.362377] work-test:wq_ret_handler returned 0 and took 9466 ns to execute
[   67.449961] smpboot: CPU 1 is now offline
[   69.567640] work-test:ret_handler returned 0 and took 2120877942 ns to execute
[   69.567652] work-test:ret_handler returned 0 and took 23434038241 ns to execute
[   69.640716] x86: Booting SMP configuration:
[   69.640721] smpboot: Booting Node 0 Processor 1 APIC 0x1
[   71.781070] work-test:wq_ret_handler returned 0 and took 20048 ns to execute
[   71.893801] smpboot: CPU 3 is now offline
[   73.585067] work-test:wq_ret_handler returned 0 and took 22343 ns to execute
[   73.680066] smpboot: CPU 4 is now offline
[   73.979636] work-test:ret_handler returned 0 and took 38633677201 ns to execute
[   74.994690] smpboot: Booting Node 0 Processor 3 APIC 0x3
[   75.853891] work-test:ret_handler returned 0 and took 28015251322 ns to execute
[   76.825659] smpboot: Booting Node 0 Processor 4 APIC 0x4
[   78.714229] work-test:wq_ret_handler returned 0 and took 10469 ns to execute
[   78.982655] work-test:ret_handler returned 0 and took 37798831480 ns to execute
[   79.098333] smpboot: CPU 7 is now offline
[   79.230251] work-test:wq_ret_handler returned 0 and took 10297 ns to execute
[   79.397192] smpboot: CPU 2 is now offline
[   79.499641] smpboot: Booting Node 0 Processor 7 APIC 0x7
[   80.280358] work-test:wq_ret_handler returned 0 and took 19338 ns to execute
[   80.352492] smpboot: CPU 6 is now offline
[   80.494728] smpboot: Booting Node 0 Processor 2 APIC 0x2
[   81.161732] work-test:ret_handler returned 0 and took 2390520496 ns to execute
[   81.471775] work-test:ret_handler returned 0 and took 2240143666 ns to execute
[   83.284201] work-test:wq_ret_handler returned 0 and took 22941 ns to execute
[   83.404000] smpboot: CPU 5 is now offline
[   83.534702] smpboot: Booting Node 0 Processor 6 APIC 0x6
[   85.439046] work-test:ret_handler returned 0 and took 20422393899 ns to execute
[   85.439634] work-test:ret_handler returned 0 and took 2155356532 ns to execute
[   85.562613] work-test:ret_handler returned 0 and took 37550878692 ns to execute
[   86.544031] smpboot: Booting Node 0 Processor 5 APIC 0x5
[   86.708841] work-test:wq_ret_handler returned 0 and took 16873 ns to execute
[   86.904088] smpboot: CPU 6 is now offline
[   87.754474] work-test:wq_ret_handler returned 0 and took 13458 ns to execute
[   87.804101] smpboot: CPU 7 is now offline
[   87.956017] work-test:wq_ret_handler returned 0 and took 22735 ns to execute
[   88.460623] smpboot: CPU 5 is now offline
[   88.575090] work-test:wq_ret_handler returned 0 and took 12883 ns to execute
[   88.760661] smpboot: CPU 1 is now offline
[   88.786691] x86: Booting SMP configuration:
[   88.786695] smpboot: Booting Node 0 Processor 1 APIC 0x1
[   88.892763] smpboot: Booting Node 0 Processor 6 APIC 0x6
[   89.103786] smpboot: Booting Node 0 Processor 7 APIC 0x7
[   89.944083] work-test:ret_handler returned 0 and took 2134944113 ns to execute
[   90.030068] work-test:wq_ret_handler returned 0 and took 9731 ns to execute
[   90.095635] smpboot: CPU 4 is now offline
[   90.362653] work-test:ret_handler returned 0 and took 44672033821 ns to execute
[   90.464094] work-test:ret_handler returned 0 and took 7064345807 ns to execute
[   90.465640] work-test:ret_handler returned 0 and took 2500317597 ns to execute
[   90.496725] smpboot: Booting Node 0 Processor 5 APIC 0x5
[   91.348641] work-test:ret_handler returned 0 and took 4599769612 ns to execute
[   91.609989] work-test:wq_ret_handler returned 0 and took 20416 ns to execute
[   91.697234] smpboot: CPU 5 is now offline
[   92.170893] smpboot: Booting Node 0 Processor 4 APIC 0x4
[   92.218670] work-test:ret_handler returned 0 and took 18532894034 ns to execute
[   92.253709] work-test:wq_ret_handler returned 0 and took 17113 ns to execute
[   92.285734] smpboot: CPU 7 is now offline
[   92.650909] work-test:wq_ret_handler returned 0 and took 10364 ns to execute
[   92.706216] smpboot: CPU 2 is now offline
[   92.767754] smpboot: Booting Node 0 Processor 2 APIC 0x2
[   92.835721] smpboot: Booting Node 0 Processor 5 APIC 0x5
[   93.176010] work-test:wq_ret_handler returned 0 and took 18792 ns to execute
[   93.235357] smpboot: CPU 3 is now offline
[   93.348763] smpboot: Booting Node 0 Processor 3 APIC 0x3
[   93.756625] work-test:ret_handler returned 0 and took 2130953035 ns to execute
[   93.756666] work-test:ret_handler returned 0 and took 5644519798 ns to execute
[   94.314694] smpboot: Booting Node 0 Processor 7 APIC 0x7
[   94.789617] work-test:ret_handler returned 0 and took 33154935649 ns to execute
[   95.473049] work-test:wq_ret_handler returned 0 and took 16727 ns to execute
[   95.535793] smpboot: CPU 7 is now offline
[   96.231993] work-test:wq_ret_handler returned 0 and took 20048 ns to execute
[   96.514311] smpboot: CPU 4 is now offline
[   96.519098] work-test:ret_handler returned 0 and took 8178079950 ns to execute
[   96.616698] smpboot: Booting Node 0 Processor 7 APIC 0x7
[   97.595628] work-test:ret_handler returned 0 and took 18497215613 ns to execute
[   98.591275] smpboot: Booting Node 0 Processor 4 APIC 0x4
[   98.636610] work-test:ret_handler returned 0 and took 8538998699 ns to execute
[   99.089007] work-test:wq_ret_handler returned 0 and took 18345 ns to execute
[   99.278767] smpboot: CPU 6 is now offline
[   99.278774] work-test:ret_handler returned 0 and took 34384173842 ns to execute
[  100.308824] smpboot: Booting Node 0 Processor 6 APIC 0x6
[  100.416453] work-test:wq_ret_handler returned 0 and took 19803 ns to execute
[  100.464881] smpboot: CPU 6 is now offline
[  101.402639] work-test:kretprobe at 00000000f9caf133 unregistered
[  101.414676] work-test:kretprobe at 000000007c154922 unregistered
[  102.496687] smpboot: Booting Node 0 Processor 6 APIC 0x6
[  103.776349] smpboot: CPU 4 is now offline
[  103.915224] smpboot: CPU 1 is now offline
[  104.505400] smpboot: CPU 3 is now offline
[  104.796683] smpboot: Booting Node 0 Processor 4 APIC 0x4
[  104.937702] x86: Booting SMP configuration:
[  104.937706] smpboot: Booting Node 0 Processor 1 APIC 0x1
[  105.058702] smpboot: CPU 1 is now offline
[  105.095693] x86: Booting SMP configuration:
[  105.095696] smpboot: Booting Node 0 Processor 1 APIC 0x1
[  106.522719] smpboot: Booting Node 0 Processor 3 APIC 0x3
[  107.755730] smpboot: CPU 7 is now offline
[  110.784679] smpboot: Booting Node 0 Processor 7 APIC 0x7
[  110.946254] smpboot: CPU 5 is now offline
[  110.976744] smpboot: Booting Node 0 Processor 5 APIC 0x5
[  112.924314] smpboot: CPU 2 is now offline
[  112.941751] smpboot: Booting Node 0 Processor 2 APIC 0x2
[  115.679067] smpboot: CPU 6 is now offline
[  115.924517] smpboot: CPU 7 is now offline
[  116.701801] smpboot: Booting Node 0 Processor 6 APIC 0x6
[  116.953701] smpboot: Booting Node 0 Processor 7 APIC 0x7
[  117.129262] smpboot: CPU 5 is now offline
[  118.217270] smpboot: CPU 1 is now offline
[  119.158732] smpboot: Booting Node 0 Processor 5 APIC 0x5
[  119.260750] x86: Booting SMP configuration:
[  119.260753] smpboot: Booting Node 0 Processor 1 APIC 0x1
[  120.927630] smpboot: CPU 4 is now offline
[  123.095843] smpboot: CPU 2 is now offline
[  123.946724] smpboot: Booting Node 0 Processor 4 APIC 0x4
[  125.112724] smpboot: Booting Node 0 Processor 2 APIC 0x2
[  126.710226] smpboot: CPU 3 is now offline
[  126.718718] smpboot: Booting Node 0 Processor 3 APIC 0x3
[  127.227332] smpboot: CPU 2 is now offline
[  128.246707] smpboot: Booting Node 0 Processor 2 APIC 0x2
[  131.536226] smpboot: CPU 1 is now offline
[  131.713667] work-test:Planted return probe at worker_thread: 00000000f9caf133
[  131.720308] work-test:Planted return probe at workqueue_offline_cpu: 000000007c154922
[  131.772121] work-test:wq_ret_handler returned 0 and took 25920 ns to execute
[  131.863700] smpboot: CPU 6 is now offline
[  132.079764] work-test:wq_ret_handler returned 0 and took 12211 ns to execute
[  132.137249] smpboot: CPU 7 is now offline
[  132.150789] smpboot: Booting Node 0 Processor 7 APIC 0x7
[  132.557704] x86: Booting SMP configuration:
[  132.557708] smpboot: Booting Node 0 Processor 1 APIC 0x1
[  132.625740] work-test:wq_ret_handler returned 0 and took 13072 ns to execute
[  133.157661] smpboot: CPU 1 is now offline
[  133.216948] smpboot: Booting Node 0 Processor 6 APIC 0x6
[  133.302855] work-test:wq_ret_handler returned 0 and took 9569 ns to execute
[  133.336643] smpboot: CPU 5 is now offline
[  133.438968] work-test:wq_ret_handler returned 0 and took 10625 ns to execute
[  133.516225] smpboot: CPU 3 is now offline
[  135.193990] work-test:wq_ret_handler returned 0 and took 17652 ns to execute
[  135.195333] smpboot: CPU 7 is now offline
[  135.435666] smpboot: Booting Node 0 Processor 5 APIC 0x5
[  135.554830] work-test:ret_handler returned 0 and took 2113423644 ns to execute
[  136.188685] x86: Booting SMP configuration:
[  136.188689] smpboot: Booting Node 0 Processor 1 APIC 0x1
[  136.216310] smpboot: Booting Node 0 Processor 7 APIC 0x7
[  136.293409] work-test:wq_ret_handler returned 0 and took 13427 ns to execute
[  136.336629] smpboot: CPU 1 is now offline
[  136.682757] smpboot: Booting Node 0 Processor 3 APIC 0x3
[  137.513795] work-test:wq_ret_handler returned 0 and took 25996 ns to execute
[  137.634609] smpboot: CPU 2 is now offline
[  139.348676] x86: Booting SMP configuration:
[  139.348680] smpboot: Booting Node 0 Processor 1 APIC 0x1
[  139.705628] work-test:ret_handler returned 0 and took 2292728359 ns to execute
[  139.756675] smpboot: Booting Node 0 Processor 2 APIC 0x2
[  140.017441] work-test:wq_ret_handler returned 0 and took 22644 ns to execute
[  140.188784] smpboot: CPU 4 is now offline
[  141.294976] smpboot: Booting Node 0 Processor 4 APIC 0x4
[  141.786771] work-test:wq_ret_handler returned 0 and took 10149 ns to execute
[  141.854912] smpboot: CPU 3 is now offline
[  142.943598] smpboot: Booting Node 0 Processor 3 APIC 0x3
[  143.931607] work-test:ret_handler returned 0 and took 10413747742 ns to execute
[  144.999607] work-test:wq_ret_handler returned 0 and took 23966 ns to execute
[  145.238103] smpboot: CPU 2 is now offline
[  145.328549] work-test:wq_ret_handler returned 0 and took 20335 ns to execute
[  145.382582] smpboot: CPU 6 is now offline
[  145.645980] work-test:wq_ret_handler returned 0 and took 19967 ns to execute
[  145.768955] smpboot: CPU 4 is now offline
[  146.582046] work-test:wq_ret_handler returned 0 and took 16713 ns to execute
[  146.677036] smpboot: CPU 5 is now offline
[  147.257610] work-test:ret_handler returned 0 and took 9605382258 ns to execute
[  147.537021] work-test:ret_handler returned 0 and took 15681993012 ns to execute
[  147.845028] work-test:ret_handler returned 0 and took 2191713595 ns to execute
[  148.463286] smpboot: Booting Node 0 Processor 2 APIC 0x2
[  148.514684] smpboot: Booting Node 0 Processor 6 APIC 0x6
[  148.707727] smpboot: Booting Node 0 Processor 5 APIC 0x5
[  148.755034] work-test:ret_handler returned 0 and took 15416267086 ns to execute
[  148.833714] smpboot: Booting Node 0 Processor 4 APIC 0x4
[  149.433604] work-test:ret_handler returned 0 and took 16485326646 ns to execute
[  153.616961] work-test:wq_ret_handler returned 0 and took 13330 ns to execute
[  153.784251] smpboot: CPU 6 is now offline
[  155.345283] work-test:wq_ret_handler returned 0 and took 12323 ns to execute
[  155.426361] smpboot: CPU 7 is now offline
[  155.856279] smpboot: Booting Node 0 Processor 6 APIC 0x6
[  156.388298] work-test:wq_ret_handler returned 0 and took 10516 ns to execute
[  156.435165] smpboot: CPU 1 is now offline
[  156.560555] work-test:wq_ret_handler returned 0 and took 15805 ns to execute
[  156.751002] smpboot: CPU 2 is now offline
[  156.915884] work-test:wq_ret_handler returned 0 and took 15884 ns to execute
[  157.126313] smpboot: CPU 4 is now offline
[  157.778703] smpboot: Booting Node 0 Processor 2 APIC 0x2
[  158.626674] smpboot: Booting Node 0 Processor 7 APIC 0x7
[  158.779223] work-test:ret_handler returned 0 and took 13774269779 ns to execute
[  159.130622] work-test:ret_handler returned 0 and took 2092893865 ns to execute
[  159.130631] work-test:ret_handler returned 0 and took 2213418041 ns to execute
[  159.130650] work-test:ret_handler returned 0 and took 2160999754 ns to execute
[  159.519211] x86: Booting SMP configuration:
[  159.519215] smpboot: Booting Node 0 Processor 1 APIC 0x1
[  160.153703] smpboot: Booting Node 0 Processor 4 APIC 0x4
[  161.835450] work-test:wq_ret_handler returned 0 and took 11203 ns to execute
[  161.919658] smpboot: CPU 2 is now offline
[  162.155946] work-test:wq_ret_handler returned 0 and took 11133 ns to execute
[  162.419653] work-test:ret_handler returned 0 and took 24499738836 ns to execute
[  162.438408] smpboot: CPU 3 is now offline
[  162.808412] work-test:wq_ret_handler returned 0 and took 10899 ns to execute
[  162.866602] smpboot: CPU 1 is now offline
[  163.015723] smpboot: Booting Node 0 Processor 2 APIC 0x2
[  163.806381] work-test:wq_ret_handler returned 0 and took 19182 ns to execute
[  163.888226] smpboot: CPU 5 is now offline
[  163.931693] smpboot: Booting Node 0 Processor 5 APIC 0x5
[  163.961621] work-test:ret_handler returned 0 and took 7311762620 ns to execute
[  164.475924] work-test:ret_handler returned 0 and took 4129514778 ns to execute
[  164.615282] work-test:ret_handler returned 0 and took 22754650154 ns to execute
[  164.921620] work-test:ret_handler returned 0 and took 2198159580 ns to execute
[  165.020787] x86: Booting SMP configuration:
[  165.020791] smpboot: Booting Node 0 Processor 1 APIC 0x1
[  165.137823] work-test:wq_ret_handler returned 0 and took 11300 ns to execute
[  165.166600] smpboot: CPU 2 is now offline
[  165.494678] smpboot: Booting Node 0 Processor 3 APIC 0x3
[  165.955294] work-test:ret_handler returned 0 and took 19454261208 ns to execute
[  166.318425] work-test:wq_ret_handler returned 0 and took 18188 ns to execute
[  166.366695] smpboot: CPU 4 is now offline
[  168.235413] smpboot: Booting Node 0 Processor 2 APIC 0x2
[  168.512996] work-test:ret_handler returned 0 and took 28307145093 ns to execute
[  168.515359] smpboot: Booting Node 0 Processor 4 APIC 0x4
[  168.596525] work-test:ret_handler returned 0 and took 6150225768 ns to execute
[  173.391761] work-test:wq_ret_handler returned 0 and took 21750 ns to execute
[  173.426643] smpboot: CPU 2 is now offline
[  173.448678] smpboot: Booting Node 0 Processor 2 APIC 0x2
[  175.181800] work-test:wq_ret_handler returned 0 and took 14239 ns to execute
[  175.230216] smpboot: CPU 1 is now offline
[  175.678972] work-test:wq_ret_handler returned 0 and took 9777 ns to execute
[  175.815437] smpboot: CPU 7 is now offline
[  175.962776] smpboot: Booting Node 0 Processor 7 APIC 0x7
[  176.143396] work-test:wq_ret_handler returned 0 and took 10494 ns to execute
[  176.390848] smpboot: CPU 6 is now offline
[  176.546970] work-test:wq_ret_handler returned 0 and took 20614 ns to execute
[  176.691597] smpboot: CPU 7 is now offline
[  176.709683] smpboot: Booting Node 0 Processor 6 APIC 0x6
[  176.745733] smpboot: Booting Node 0 Processor 7 APIC 0x7
[  177.274618] work-test:ret_handler returned 0 and took 44107929479 ns to execute
[  178.258690] x86: Booting SMP configuration:
[  178.258694] smpboot: Booting Node 0 Processor 1 APIC 0x1
[  178.434615] work-test:ret_handler returned 0 and took 2279002070 ns to execute
[  178.434646] work-test:ret_handler returned 0 and took 24817628942 ns to execute
[  178.578025] work-test:wq_ret_handler returned 0 and took 25136 ns to execute
[  178.637658] smpboot: CPU 2 is now offline
[  179.372057] work-test:wq_ret_handler returned 0 and took 18293 ns to execute
[  179.373470] smpboot: CPU 1 is now offline
[  179.443675] x86: Booting SMP configuration:
[  179.443679] smpboot: Booting Node 0 Processor 1 APIC 0x1
[  180.604978] work-test:wq_ret_handler returned 0 and took 18968 ns to execute
[  180.729606] work-test:ret_handler returned 0 and took 24168781968 ns to execute
[  180.955723] smpboot: CPU 3 is now offline
[  180.978787] smpboot: Booting Node 0 Processor 2 APIC 0x2
[  181.056519] work-test:wq_ret_handler returned 0 and took 15827 ns to execute
[  181.112293] smpboot: CPU 2 is now offline
[  181.988975] work-test:wq_ret_handler returned 0 and took 19973 ns to execute
[  182.217537] smpboot: CPU 5 is now offline
[  182.795771] work-test:wq_ret_handler returned 0 and took 16946 ns to execute
[  182.863539] smpboot: CPU 7 is now offline
[  182.929612] work-test:ret_handler returned 0 and took 2265010372 ns to execute
[  182.932607] work-test:ret_handler returned 0 and took 20726764958 ns to execute
[  183.296683] smpboot: Booting Node 0 Processor 5 APIC 0x5
[  183.994679] smpboot: Booting Node 0 Processor 3 APIC 0x3
[  184.147745] smpboot: Booting Node 0 Processor 2 APIC 0x2
[  184.210782] work-test:ret_handler returned 0 and took 2217935961 ns to execute
[  184.219665] work-test:ret_handler returned 0 and took 37534615421 ns to execute
[  184.899750] work-test:ret_handler returned 0 and took 9102137784 ns to execute
[  184.915552] work-test:ret_handler returned 0 and took 9227981975 ns to execute
[  185.529605] work-test:ret_handler returned 0 and took 29091626295 ns to execute
[  185.958363] smpboot: Booting Node 0 Processor 7 APIC 0x7
[  187.767054] work-test:wq_ret_handler returned 0 and took 23339 ns to execute
[  187.807151] smpboot: CPU 6 is now offline
[  188.868881] work-test:wq_ret_handler returned 0 and took 13230 ns to execute
[  188.995614] smpboot: CPU 4 is now offline
[  189.369652] work-test:ret_handler returned 0 and took 24885035833 ns to execute
[  189.491505] work-test:wq_ret_handler returned 0 and took 10018 ns to execute
[  189.587135] smpboot: CPU 1 is now offline
[  189.817616] work-test:ret_handler returned 0 and took 13427988215 ns to execute
[  189.880207] smpboot: Booting Node 0 Processor 6 APIC 0x6
[  190.330462] work-test:ret_handler returned 0 and took 8277386116 ns to execute
[  190.609667] x86: Booting SMP configuration:
[  190.609671] smpboot: Booting Node 0 Processor 1 APIC 0x1
[  191.097651] work-test:ret_handler returned 0 and took 51075044008 ns to execute
[  191.104161] work-test:ret_handler returned 0 and took 2366550806 ns to execute
[  191.137313] smpboot: Booting Node 0 Processor 4 APIC 0x4
[  191.374043] work-test:wq_ret_handler returned 0 and took 18715 ns to execute
[  191.451642] smpboot: CPU 5 is now offline
[  191.554988] smpboot: Booting Node 0 Processor 5 APIC 0x5
[  192.162130] work-test:wq_ret_handler returned 0 and took 19234 ns to execute
[  192.246888] smpboot: CPU 6 is now offline
[  192.570203] work-test:ret_handler returned 0 and took 5224261938 ns to execute
[  193.087623] work-test:wq_ret_handler returned 0 and took 19781 ns to execute
[  193.168455] smpboot: CPU 3 is now offline
[  193.290270] smpboot: Booting Node 0 Processor 3 APIC 0x3
[  193.465613] work-test:ret_handler returned 0 and took 11246671458 ns to execute
[  194.366212] work-test:ret_handler returned 0 and took 48906754418 ns to execute
[  195.321625] work-test:ret_handler returned 0 and took 14715418173 ns to execute
[  195.371716] smpboot: Booting Node 0 Processor 6 APIC 0x6
[  197.562612] work-test:ret_handler returned 0 and took 6188460572 ns to execute
[  199.802425] work-test:wq_ret_handler returned 0 and took 18860 ns to execute
[  199.869447] smpboot: CPU 5 is now offline
[  201.915836] work-test:ret_handler returned 0 and took 22535864153 ns to execute
[  201.978629] work-test:ret_handler returned 0 and took 38156026273 ns to execute
[  202.991692] smpboot: Booting Node 0 Processor 5 APIC 0x5
[  203.172962] work-test:wq_ret_handler returned 0 and took 18161 ns to execute
[  203.357893] smpboot: CPU 7 is now offline
[  203.382087] work-test:wq_ret_handler returned 0 and took 18920 ns to execute
[  203.438639] smpboot: CPU 2 is now offline
[  203.443679] smpboot: Booting Node 0 Processor 7 APIC 0x7
[  203.558634] smpboot: Booting Node 0 Processor 2 APIC 0x2
[  205.311626] work-test:ret_handler returned 0 and took 49880017930 ns to execute
[  205.881697] work-test:ret_handler returned 0 and took 53640207048 ns to execute
[  206.478171] work-test:wq_ret_handler returned 0 and took 161845 ns to execute
[  206.581387] smpboot: CPU 3 is now offline
[  206.687950] work-test:wq_ret_handler returned 0 and took 113320 ns to execute
[  206.796637] smpboot: CPU 1 is now offline
[  206.945683] x86: Booting SMP configuration:
[  206.945686] smpboot: Booting Node 0 Processor 1 APIC 0x1
[  207.353607] work-test:ret_handler returned 0 and took 4165995013 ns to execute
[  207.531823] work-test:wq_ret_handler returned 0 and took 9779 ns to execute
[  207.730530] smpboot: CPU 6 is now offline
[  207.805742] smpboot: Booting Node 0 Processor 6 APIC 0x6
[  208.625485] smpboot: Booting Node 0 Processor 3 APIC 0x3
[  208.691501] work-test:ret_handler returned 0 and took 27764763317 ns to execute
[  209.737676] work-test:ret_handler returned 0 and took 21920043455 ns to execute
[  209.737716] work-test:ret_handler returned 0 and took 2195279711 ns to execute
[  210.798984] work-test:wq_ret_handler returned 0 and took 8975 ns to execute
[  210.850230] smpboot: CPU 3 is now offline
[  210.873606] work-test:ret_handler returned 0 and took 4184992389 ns to execute
[  211.254706] work-test:wq_ret_handler returned 0 and took 8724 ns to execute
[  211.364218] smpboot: CPU 4 is now offline
[  212.883710] smpboot: Booting Node 0 Processor 3 APIC 0x3
[  212.922648] work-test:ret_handler returned 0 and took 19747111100 ns to execute
[  213.371631] work-test:ret_handler returned 0 and took 2115667856 ns to execute
[  213.390702] smpboot: Booting Node 0 Processor 4 APIC 0x4
[  213.693022] work-test:ret_handler returned 0 and took 35057487207 ns to execute
[  213.737066] work-test:wq_ret_handler returned 0 and took 106434 ns to execute
[  213.861612] work-test:ret_handler returned 0 and took 21615896240 ns to execute
[  213.862609] smpboot: CPU 2 is now offline
[  213.905232] smpboot: Booting Node 0 Processor 2 APIC 0x2
[  214.689958] work-test:wq_ret_handler returned 0 and took 17265 ns to execute
[  214.791636] smpboot: CPU 7 is now offline
[  215.062559] work-test:wq_ret_handler returned 0 and took 20165 ns to execute
[  215.067201] smpboot: CPU 2 is now offline
[  215.936039] work-test:ret_handler returned 0 and took 54066427664 ns to execute
[  216.161636] smpboot: Booting Node 0 Processor 2 APIC 0x2
[  216.272911] work-test:wq_ret_handler returned 0 and took 16180 ns to execute
[  216.622243] smpboot: CPU 5 is now offline
[  216.825652] work-test:ret_handler returned 0 and took 34016503191 ns to execute
[  216.848749] smpboot: Booting Node 0 Processor 7 APIC 0x7
[  218.681646] work-test:ret_handler returned 0 and took 18804617384 ns to execute
[  219.719595] smpboot: Booting Node 0 Processor 5 APIC 0x5
[  220.090618] work-test:ret_handler returned 0 and took 16213008333 ns to execute
[  220.965583] work-test:wq_ret_handler returned 0 and took 9215 ns to execute
[  221.050237] smpboot: CPU 6 is now offline
[  221.158711] smpboot: Booting Node 0 Processor 6 APIC 0x6
[  221.246918] work-test:wq_ret_handler returned 0 and took 13547 ns to execute
[  221.310990] smpboot: CPU 5 is now offline
[  222.009611] work-test:ret_handler returned 0 and took 5735716288 ns to execute
[  223.171383] work-test:ret_handler returned 0 and took 15542765909 ns to execute
[  223.171383] work-test:ret_handler returned 0 and took 67249315246 ns to execute
[  224.009743] work-test:wq_ret_handler returned 0 and took 15598 ns to execute
[  224.087587] smpboot: CPU 7 is now offline
[  224.153684] smpboot: Booting Node 0 Processor 7 APIC 0x7
[  224.370887] smpboot: Booting Node 0 Processor 5 APIC 0x5
[  226.177719] work-test:ret_handler returned 0 and took 22921029833 ns to execute
[  227.091508] work-test:wq_ret_handler returned 0 and took 18799 ns to execute
[  227.148377] smpboot: CPU 1 is now offline
[  227.275958] work-test:wq_ret_handler returned 0 and took 17778 ns to execute
[  227.436205] smpboot: CPU 2 is now offline
[  227.482640] smpboot: Booting Node 0 Processor 2 APIC 0x2
[  228.739414] work-test:wq_ret_handler returned 0 and took 1302115 ns to execute
[  228.829987] smpboot: CPU 4 is now offline
[  228.927975] work-test:wq_ret_handler returned 0 and took 14359 ns to execute
[  228.932511] smpboot: CPU 3 is now offline
[  229.179656] work-test:ret_handler returned 0 and took 53949702251 ns to execute
[  229.194714] x86: Booting SMP configuration:
[  229.194717] smpboot: Booting Node 0 Processor 1 APIC 0x1
[  229.906227] smpboot: Booting Node 0 Processor 4 APIC 0x4
[  230.006708] smpboot: Booting Node 0 Processor 3 APIC 0x3
[  230.910616] work-test:ret_handler returned 0 and took 41918540075 ns to execute
[  231.035215] work-test:ret_handler returned 0 and took 24555601562 ns to execute
[  232.403205] work-test:wq_ret_handler returned 0 and took 11994 ns to execute
[  232.600629] smpboot: CPU 7 is now offline
[  232.648760] smpboot: Booting Node 0 Processor 7 APIC 0x7
[  235.283012] work-test:wq_ret_handler returned 0 and took 21482 ns to execute
[  235.353897] smpboot: CPU 6 is now offline
[  235.646608] work-test:ret_handler returned 0 and took 32207751717 ns to execute
[  236.408462] smpboot: Booting Node 0 Processor 6 APIC 0x6
[  236.666608] work-test:ret_handler returned 0 and took 4260444824 ns to execute
[  236.669648] work-test:ret_handler returned 0 and took 18605651176 ns to execute
[  237.166501] work-test:wq_ret_handler returned 0 and took 11387 ns to execute
[  237.507623] smpboot: CPU 3 is now offline
[  237.571529] work-test:wq_ret_handler returned 0 and took 10014 ns to execute
[  237.636365] smpboot: CPU 5 is now offline
[  237.833571] work-test:wq_ret_handler returned 0 and took 227926 ns to execute
[  237.879605] smpboot: CPU 1 is now offline
[  237.886703] smpboot: Booting Node 0 Processor 3 APIC 0x3
[  238.042683] smpboot: Booting Node 0 Processor 5 APIC 0x5
[  239.074642] x86: Booting SMP configuration:
[  239.074646] smpboot: Booting Node 0 Processor 1 APIC 0x1
[  239.498636] work-test:ret_handler returned 0 and took 2208779781 ns to execute
[  239.498677] work-test:ret_handler returned 0 and took 28639320180 ns to execute
[  239.675611] work-test:ret_handler returned 0 and took 48228923992 ns to execute
[  239.937013] work-test:ret_handler returned 0 and took 2168859319 ns to execute
[  239.937056] work-test:ret_handler returned 0 and took 50443439807 ns to execute
[  240.182921] work-test:wq_ret_handler returned 0 and took 19331 ns to execute
[  240.468210] smpboot: CPU 3 is now offline
[  240.507792] smpboot: Booting Node 0 Processor 3 APIC 0x3
[  241.100683] work-test:ret_handler returned 0 and took 50564363614 ns to execute
[  241.199013] work-test:wq_ret_handler returned 0 and took 19811 ns to execute
[  241.290529] smpboot: CPU 4 is now offline
[  242.362696] smpboot: Booting Node 0 Processor 4 APIC 0x4
[  242.489622] work-test:ret_handler returned 0 and took 2291434341 ns to execute
[  242.489662] work-test:ret_handler returned 0 and took 5303314087 ns to execute
[  242.846679] work-test:wq_ret_handler returned 0 and took 21677 ns to execute
[  242.906464] smpboot: CPU 7 is now offline
[  243.067659] smpboot: Booting Node 0 Processor 7 APIC 0x7
[  243.407645] work-test:ret_handler returned 0 and took 77039811781 ns to execute
[  243.523976] work-test:wq_ret_handler returned 0 and took 33692 ns to execute
[  243.566000] smpboot: CPU 4 is now offline
[  243.725643] work-test:wq_ret_handler returned 0 and took 20236 ns to execute
[  243.787683] smpboot: CPU 2 is now offline
[  243.855724] smpboot: Booting Node 0 Processor 4 APIC 0x4
[  243.996728] smpboot: Booting Node 0 Processor 2 APIC 0x2
[  245.691640] work-test:ret_handler returned 0 and took 4400992980 ns to execute
[  245.888299] work-test:ret_handler returned 0 and took 18600676212 ns to execute
[  246.846765] work-test:wq_ret_handler returned 0 and took 15800 ns to execute
[  246.877239] smpboot: CPU 6 is now offline
[  248.953662] work-test:ret_handler returned 0 and took 41235999067 ns to execute
[  249.430511] work-test:wq_ret_handler returned 0 and took 18866 ns to execute
[  249.475229] smpboot: CPU 5 is now offline
[  249.984842] smpboot: Booting Node 0 Processor 6 APIC 0x6
[  251.044964] work-test:wq_ret_handler returned 0 and took 16606 ns to execute
[  251.181635] smpboot: CPU 4 is now offline
[  251.195645] work-test:ret_handler returned 0 and took 27160037436 ns to execute
[  251.501544] smpboot: Booting Node 0 Processor 5 APIC 0x5
[  251.513612] work-test:ret_handler returned 0 and took 13882831914 ns to execute
[  252.261907] work-test:wq_ret_handler returned 0 and took 12522 ns to execute
[  252.386587] smpboot: CPU 1 is now offline
[  252.450673] smpboot: Booting Node 0 Processor 4 APIC 0x4
[  253.483747] x86: Booting SMP configuration:
[  253.483781] smpboot: Booting Node 0 Processor 1 APIC 0x1
[  253.716480] work-test:wq_ret_handler returned 0 and took 21669 ns to execute
[  253.876473] smpboot: CPU 4 is now offline
[  253.993267] work-test:wq_ret_handler returned 0 and took 11170 ns to execute
[  254.133128] smpboot: CPU 3 is now offline
[  254.171702] smpboot: Booting Node 0 Processor 4 APIC 0x4
[  254.370648] smpboot: Booting Node 0 Processor 3 APIC 0x3
[  255.210985] work-test:wq_ret_handler returned 0 and took 16110 ns to execute
[  255.645630] smpboot: CPU 7 is now offline
[  255.755163] work-test:wq_ret_handler returned 0 and took 19218 ns to execute
[  255.856629] smpboot: CPU 1 is now offline
[  255.886724] work-test:ret_handler returned 0 and took 27062654787 ns to execute
[  255.886764] work-test:ret_handler returned 0 and took 2153155900 ns to execute
[  256.186212] work-test:ret_handler returned 0 and took 2189578508 ns to execute
[  257.154580] work-test:wq_ret_handler returned 0 and took 18870 ns to execute
[  257.416640] work-test:ret_handler returned 0 and took 14508334806 ns to execute
[  257.576639] smpboot: CPU 6 is now offline
[  257.651609] work-test:ret_handler returned 0 and took 2321974813 ns to execute
[  257.718331] smpboot: Booting Node 0 Processor 7 APIC 0x7
[  257.913761] work-test:ret_handler returned 0 and took 30739531301 ns to execute
[  257.915658] work-test:ret_handler returned 0 and took 20011265769 ns to execute
[  257.977627] work-test:ret_handler returned 0 and took 14411442337 ns to execute
[  258.920605] x86: Booting SMP configuration:
[  258.920609] smpboot: Booting Node 0 Processor 1 APIC 0x1
[  259.481605] work-test:ret_handler returned 0 and took 2326954473 ns to execute
[  259.570621] work-test:ret_handler returned 0 and took 2329976599 ns to execute
[  259.573189] work-test:ret_handler returned 0 and took 2245057380 ns to execute
[  259.580604] work-test:ret_handler returned 0 and took 38530106042 ns to execute
[  259.691200] smpboot: Booting Node 0 Processor 6 APIC 0x6
[  260.218233] work-test:ret_handler returned 0 and took 25600307893 ns to execute
[  261.478780] work-test:wq_ret_handler returned 0 and took 16126 ns to execute
[  261.570638] smpboot: CPU 4 is now offline
[  261.740762] smpboot: Booting Node 0 Processor 4 APIC 0x4
[  262.409612] work-test:ret_handler returned 0 and took 6270943577 ns to execute
[  263.223740] work-test:wq_ret_handler returned 0 and took 14274 ns to execute
[  263.356726] smpboot: CPU 1 is now offline
[  263.472615] work-test:wq_ret_handler returned 0 and took 8388 ns to execute
[  263.537912] smpboot: CPU 2 is now offline
[  263.628750] work-test:ret_handler returned 0 and took 9760067323 ns to execute
[  263.829509] work-test:wq_ret_handler returned 0 and took 16553 ns to execute
[  263.830941] smpboot: CPU 6 is now offline
[  264.441610] work-test:ret_handler returned 0 and took 4111010873 ns to execute
[  264.515296] x86: Booting SMP configuration:
[  264.515301] smpboot: Booting Node 0 Processor 1 APIC 0x1
[  264.566224] work-test:wq_ret_handler returned 0 and took 17355 ns to execute
[  264.567802] smpboot: CPU 1 is now offline
[  264.707654] smpboot: Booting Node 0 Processor 2 APIC 0x2
[  265.661820] work-test:wq_ret_handler returned 0 and took 16179 ns to execute
[  265.663384] smpboot: CPU 5 is now offline
[  265.721618] work-test:ret_handler returned 0 and took 51844015690 ns to execute
[  266.700170] smpboot: Booting Node 0 Processor 5 APIC 0x5
[  266.870740] smpboot: Booting Node 0 Processor 6 APIC 0x6
[  267.620954] x86: Booting SMP configuration:
[  267.620958] smpboot: Booting Node 0 Processor 1 APIC 0x1
[  268.546696] work-test:ret_handler returned 0 and took 29500262751 ns to execute
[  268.872995] work-test:wq_ret_handler returned 0 and took 41587 ns to execute
[  268.936800] smpboot: CPU 2 is now offline
[  269.116865] work-test:ret_handler returned 0 and took 22215701830 ns to execute
[  270.649605] work-test:ret_handler returned 0 and took 6189984733 ns to execute
[  270.969622] work-test:ret_handler returned 0 and took 7426016470 ns to execute
[  270.970783] work-test:wq_ret_handler returned 0 and took 11573 ns to execute
[  271.015672] smpboot: CPU 7 is now offline
[  271.095684] smpboot: Booting Node 0 Processor 2 APIC 0x2
[  271.553025] work-test:wq_ret_handler returned 0 and took 18275 ns to execute
[  271.598688] smpboot: CPU 3 is now offline
[  271.951800] work-test:wq_ret_handler returned 0 and took 18670 ns to execute
[  272.018011] smpboot: CPU 5 is now offline
[  272.205698] smpboot: Booting Node 0 Processor 7 APIC 0x7
[  272.868685] smpboot: Booting Node 0 Processor 3 APIC 0x3
[  273.859836] work-test:ret_handler returned 0 and took 44923563445 ns to execute
[  274.118599] smpboot: Booting Node 0 Processor 5 APIC 0x5
[  276.176964] work-test:ret_handler returned 0 and took 13753354089 ns to execute
[  276.247318] work-test:wq_ret_handler returned 0 and took 67011 ns to execute
[  276.316934] smpboot: CPU 6 is now offline
[  276.498602] smpboot: Booting Node 0 Processor 6 APIC 0x6
[  278.918899] work-test:wq_ret_handler returned 0 and took 14889 ns to execute
[  279.036767] smpboot: CPU 1 is now offline
[  279.611611] work-test:ret_handler returned 0 and took 11024805246 ns to execute
[  281.039751] work-test:wq_ret_handler returned 0 and took 12695 ns to execute
[  281.139947] smpboot: CPU 4 is now offline
[  281.145686] x86: Booting SMP configuration:
[  281.145689] smpboot: Booting Node 0 Processor 1 APIC 0x1
[  281.844664] work-test:ret_handler returned 0 and took 5667640040 ns to execute
[  282.420701] work-test:wq_ret_handler returned 0 and took 118807 ns to execute
[  282.504627] smpboot: CPU 7 is now offline
[  283.177684] smpboot: Booting Node 0 Processor 4 APIC 0x4
[  283.193610] work-test:ret_handler returned 0 and took 32136964637 ns to execute
[  284.471932] work-test:wq_ret_handler returned 0 and took 10489 ns to execute
[  284.506879] smpboot: CPU 5 is now offline
[  284.618052] work-test:ret_handler returned 0 and took 29353375093 ns to execute
[  284.675675] smpboot: Booting Node 0 Processor 5 APIC 0x5
[  285.370609] work-test:ret_handler returned 0 and took 140451949650 ns to execute
[  285.587111] smpboot: Booting Node 0 Processor 7 APIC 0x7
[  285.827060] work-test:ret_handler returned 0 and took 6100595869 ns to execute
[  287.069016] work-test:wq_ret_handler returned 0 and took 19753 ns to execute
[  287.117149] smpboot: CPU 3 is now offline
[  287.221931] smpboot: Booting Node 0 Processor 3 APIC 0x3
[  288.390066] work-test:wq_ret_handler returned 0 and took 20643 ns to execute
[  288.430652] smpboot: CPU 2 is now offline
[  288.752804] work-test:wq_ret_handler returned 0 and took 21352 ns to execute
[  289.000985] smpboot: CPU 7 is now offline
[  290.554622] work-test:ret_handler returned 0 and took 46766732103 ns to execute
[  290.746614] work-test:ret_handler returned 0 and took 41453015337 ns to execute
[  291.066224] work-test:ret_handler returned 0 and took 8713135070 ns to execute
[  291.066224] work-test:ret_handler returned 0 and took 2211664878 ns to execute
[  291.066227] work-test:ret_handler returned 0 and took 76289131596 ns to execute
[  291.274435] work-test:wq_ret_handler returned 0 and took 16473 ns to execute
[  291.390677] smpboot: CPU 1 is now offline
[  291.575403] smpboot: Booting Node 0 Processor 2 APIC 0x2
[  292.028290] smpboot: Booting Node 0 Processor 7 APIC 0x7
[  292.090625] work-test:ret_handler returned 0 and took 8293564014 ns to execute
[  292.418045] x86: Booting SMP configuration:
[  292.418049] smpboot: Booting Node 0 Processor 1 APIC 0x1
[  293.376704] work-test:ret_handler returned 0 and took 21761096086 ns to execute
[  293.435652] work-test:ret_handler returned 0 and took 37573004706 ns to execute
[  293.740831] work-test:wq_ret_handler returned 0 and took 9665 ns to execute
[  293.849620] smpboot: CPU 2 is now offline
[  293.876676] smpboot: Booting Node 0 Processor 2 APIC 0x2
[  295.377984] work-test:wq_ret_handler returned 0 and took 11033 ns to execute
[  295.428300] smpboot: CPU 3 is now offline
[  296.444700] smpboot: Booting Node 0 Processor 3 APIC 0x3
[  296.688737] work-test:wq_ret_handler returned 0 and took 12498 ns to execute
[  296.867190] smpboot: CPU 6 is now offline
[  297.396974] work-test:wq_ret_handler returned 0 and took 17573 ns to execute
[  297.579633] smpboot: CPU 4 is now offline
[  297.928671] smpboot: Booting Node 0 Processor 6 APIC 0x6
[  298.680718] smpboot: Booting Node 0 Processor 4 APIC 0x4
[  298.892639] work-test:ret_handler returned 0 and took 2203867578 ns to execute
[  298.892674] work-test:ret_handler returned 0 and took 31939388338 ns to execute
[  299.588632] work-test:ret_handler returned 0 and took 2101830744 ns to execute
[  299.588668] work-test:ret_handler returned 0 and took 2185015145 ns to execute
[  299.588695] work-test:ret_handler returned 0 and took 37984538125 ns to execute
[  299.595447] work-test:wq_ret_handler returned 0 and took 19096 ns to execute
[  299.685645] smpboot: CPU 1 is now offline
[  299.848519] work-test:wq_ret_handler returned 0 and took 16255 ns to execute
[  299.924907] smpboot: CPU 5 is now offline
[  299.961608] work-test:ret_handler returned 0 and took 11524002130 ns to execute
[  300.221923] work-test:wq_ret_handler returned 0 and took 17103 ns to execute
[  300.554221] smpboot: CPU 7 is now offline
[  300.573536] smpboot: Booting Node 0 Processor 7 APIC 0x7
[  301.249241] work-test:ret_handler returned 0 and took 11215579061 ns to execute
[  301.749234] x86: Booting SMP configuration:
[  301.749237] smpboot: Booting Node 0 Processor 1 APIC 0x1
[  301.769400] work-test:ret_handler returned 0 and took 49390797424 ns to execute
[  301.897429] work-test:wq_ret_handler returned 0 and took 12281 ns to execute
[  301.939217] smpboot: CPU 1 is now offline
[  301.957436] x86: Booting SMP configuration:
[  301.957440] smpboot: Booting Node 0 Processor 1 APIC 0x1
[  302.012658] work-test:ret_handler returned 0 and took 17494289630 ns to execute
[  302.012693] work-test:ret_handler returned 0 and took 2161674170 ns to execute
[  302.139614] work-test:ret_handler returned 0 and took 48231016520 ns to execute
[  302.427285] work-test:ret_handler returned 0 and took 13671975061 ns to execute
[  302.553643] work-test:ret_handler returned 0 and took 2170866719 ns to execute
[  302.553684] work-test:ret_handler returned 0 and took 2322355152 ns to execute
[  302.995280] smpboot: Booting Node 0 Processor 5 APIC 0x5
[  304.088807] work-test:wq_ret_handler returned 0 and took 17891 ns to execute
[  304.390632] smpboot: CPU 6 is now offline
[  305.503713] smpboot: Booting Node 0 Processor 6 APIC 0x6
[  306.403659] work-test:ret_handler returned 0 and took 48922387863 ns to execute
[  306.403699] work-test:ret_handler returned 0 and took 2300082446 ns to execute
[  306.957446] work-test:wq_ret_handler returned 0 and took 9738 ns to execute
[  307.147626] smpboot: CPU 4 is now offline
[  307.167785] smpboot: Booting Node 0 Processor 4 APIC 0x4
[  309.180225] work-test:ret_handler returned 0 and took 28221627891 ns to execute
[  311.051956] work-test:wq_ret_handler returned 0 and took 146585 ns to execute
[  311.106206] smpboot: CPU 2 is now offline
[  311.548808] work-test:ret_handler returned 0 and took 40719197397 ns to execute
[  312.059917] work-test:wq_ret_handler returned 0 and took 22485 ns to execute
[  312.114145] smpboot: CPU 1 is now offline
[  313.209620] work-test:ret_handler returned 0 and took 44251211206 ns to execute
[  313.621942] work-test:wq_ret_handler returned 0 and took 15642 ns to execute
[  313.628237] smpboot: CPU 7 is now offline
[  314.168682] x86: Booting SMP configuration:
[  314.168686] smpboot: Booting Node 0 Processor 1 APIC 0x1
[  314.170214] work-test:ret_handler returned 0 and took 14449757516 ns to execute
[  314.200688] smpboot: Booting Node 0 Processor 2 APIC 0x2
[  314.648963] work-test:wq_ret_handler returned 0 and took 19238 ns to execute
[  314.938710] smpboot: CPU 3 is now offline
[  314.971839] smpboot: Booting Node 0 Processor 3 APIC 0x3
[  315.092284] smpboot: Booting Node 0 Processor 7 APIC 0x7
[  315.577614] work-test:ret_handler returned 0 and took 16345357699 ns to execute
[  315.707468] work-test:ret_handler returned 0 and took 15409788420 ns to execute
[  316.162000] work-test:wq_ret_handler returned 0 and took 21658 ns to execute
[  316.231230] smpboot: CPU 3 is now offline
[  316.303490] work-test:wq_ret_handler returned 0 and took 12173 ns to execute
[  316.449534] smpboot: CPU 7 is now offline
[  316.985612] work-test:ret_handler returned 0 and took 2320473947 ns to execute
[  316.985612] work-test:ret_handler returned 0 and took 76489092099 ns to execute
[  318.265605] work-test:ret_handler returned 0 and took 22941996926 ns to execute
[  318.282725] smpboot: Booting Node 0 Processor 3 APIC 0x3
[  318.451195] work-test:ret_handler returned 0 and took 4819588535 ns to execute
[  318.452620] work-test:ret_handler returned 0 and took 2148683663 ns to execute
[  318.485774] smpboot: Booting Node 0 Processor 7 APIC 0x7
[  318.734642] work-test:ret_handler returned 0 and took 9195044781 ns to execute
[  319.585631] work-test:ret_handler returned 0 and took 25602140641 ns to execute
[  320.233360] work-test:wq_ret_handler returned 0 and took 23316 ns to execute
[  320.338417] smpboot: CPU 1 is now offline
[  320.605825] work-test:wq_ret_handler returned 0 and took 11502 ns to execute
[  320.697639] smpboot: CPU 4 is now offline
[  320.801667] x86: Booting SMP configuration:
[  320.801677] smpboot: Booting Node 0 Processor 1 APIC 0x1
[  322.132751] work-test:wq_ret_handler returned 0 and took 15983 ns to execute
[  322.209212] smpboot: CPU 5 is now offline
[  322.221693] smpboot: Booting Node 0 Processor 5 APIC 0x5
[  322.361641] work-test:ret_handler returned 0 and took 31085477293 ns to execute
[  322.627975] work-test:wq_ret_handler returned 0 and took 20263 ns to execute
[  322.699224] work-test:ret_handler returned 0 and took 2093329141 ns to execute
[  322.699257] work-test:ret_handler returned 0 and took 15660568876 ns to execute
[  322.731514] smpboot: CPU 6 is now offline
[  322.769617] work-test:ret_handler returned 0 and took 25190945416 ns to execute
[  323.284868] work-test:wq_ret_handler returned 0 and took 10091 ns to execute
[  323.339328] smpboot: CPU 2 is now offline
[  323.399684] smpboot: Booting Node 0 Processor 2 APIC 0x2
[  323.795669] smpboot: Booting Node 0 Processor 6 APIC 0x6
[  324.082601] smpboot: Booting Node 0 Processor 4 APIC 0x4
[  324.203614] work-test:ret_handler returned 0 and took 104289991817 ns to execute
[  324.208605] work-test:ret_handler returned 0 and took 2128622547 ns to execute
[  324.796613] work-test:ret_handler returned 0 and took 2063978662 ns to execute
[  324.796652] work-test:ret_handler returned 0 and took 2164777482 ns to execute
[  325.148954] work-test:wq_ret_handler returned 0 and took 21510 ns to execute
[  325.270636] smpboot: CPU 1 is now offline
[  325.597845] work-test:wq_ret_handler returned 0 and took 18518 ns to execute
[  325.619628] smpboot: CPU 7 is now offline
[  325.818212] work-test:ret_handler returned 0 and took 9148515632 ns to execute
[  327.239667] work-test:wq_ret_handler returned 0 and took 128720 ns to execute
[  327.294325] work-test:ret_handler returned 0 and took 2199715633 ns to execute
[  327.294350] work-test:ret_handler returned 0 and took 7054752326 ns to execute
[  327.368804] work-test:ret_handler returned 0 and took 20423082911 ns to execute
[  327.368841] smpboot: CPU 4 is now offline
[  327.643709] smpboot: Booting Node 0 Processor 7 APIC 0x7
[  327.674621] work-test:ret_handler returned 0 and took 38668045900 ns to execute
[  328.372768] x86: Booting SMP configuration:
[  328.372773] smpboot: Booting Node 0 Processor 1 APIC 0x1
[  329.409537] work-test:ret_handler returned 0 and took 8720889893 ns to execute
[  329.420445] smpboot: Booting Node 0 Processor 4 APIC 0x4
[  331.008965] work-test:ret_handler returned 0 and took 7193670008 ns to execute
[  332.098071] work-test:wq_ret_handler returned 0 and took 16749 ns to execute
[  332.130692] smpboot: CPU 6 is now offline
[  334.207738] work-test:ret_handler returned 0 and took 37347464009 ns to execute
[  334.235820] smpboot: Booting Node 0 Processor 6 APIC 0x6
[  336.492496] work-test:wq_ret_handler returned 0 and took 10233 ns to execute
[  336.565833] smpboot: CPU 3 is now offline
[  336.648811] smpboot: Booting Node 0 Processor 3 APIC 0x3
[  337.510987] work-test:wq_ret_handler returned 0 and took 19105 ns to execute
[  337.582273] smpboot: CPU 1 is now offline
[  337.819446] work-test:wq_ret_handler returned 0 and took 21270 ns to execute
[  337.987224] smpboot: CPU 3 is now offline
[  338.470617] work-test:wq_ret_handler returned 0 and took 48907 ns to execute
[  338.717825] smpboot: CPU 2 is now offline
[  338.775677] smpboot: Booting Node 0 Processor 2 APIC 0x2
[  339.647793] work-test:ret_handler returned 0 and took 14397567911 ns to execute
[  339.694264] x86: Booting SMP configuration:
[  339.694267] smpboot: Booting Node 0 Processor 1 APIC 0x1
[  339.972637] work-test:ret_handler returned 0 and took 52850462757 ns to execute
[  339.994667] work-test:ret_handler returned 0 and took 2156793444 ns to execute
[  340.305628] work-test:wq_ret_handler returned 0 and took 17696 ns to execute
[  340.382210] smpboot: CPU 5 is now offline
[  340.588095] work-test:wq_ret_handler returned 0 and took 9884 ns to execute
[  340.628134] smpboot: CPU 4 is now offline
[  340.628671] work-test:ret_handler returned 0 and took 46782000831 ns to execute
[  340.628701] work-test:ret_handler returned 0 and took 2155322743 ns to execute
[  341.000667] smpboot: Booting Node 0 Processor 3 APIC 0x3
[  341.177613] work-test:ret_handler returned 0 and took 12194348174 ns to execute
[  342.393620] work-test:ret_handler returned 0 and took 2087019709 ns to execute
[  342.649620] work-test:ret_handler returned 0 and took 15405334921 ns to execute
[  343.406683] smpboot: Booting Node 0 Processor 5 APIC 0x5
[  343.751031] smpboot: Booting Node 0 Processor 4 APIC 0x4
[  344.448090] work-test:wq_ret_handler returned 0 and took 10557 ns to execute
[  344.552599] smpboot: CPU 6 is now offline
[  344.770775] work-test:wq_ret_handler returned 0 and took 19617 ns to execute
[  345.037965] smpboot: CPU 7 is now offline
[  345.232822] work-test:wq_ret_handler returned 0 and took 12099 ns to execute
[  345.315657] smpboot: CPU 1 is now offline
[  346.757854] work-test:ret_handler returned 0 and took 42475829334 ns to execute
[  346.858000] work-test:wq_ret_handler returned 0 and took 17319 ns to execute
[  347.067901] work-test:ret_handler returned 0 and took 2279324868 ns to execute
[  347.089107] smpboot: CPU 2 is now offline
[  347.407930] work-test:ret_handler returned 0 and took 2252272441 ns to execute
[  347.407997] work-test:ret_handler returned 0 and took 9896890774 ns to execute
[  347.452637] x86: Booting SMP configuration:
[  347.452642] smpboot: Booting Node 0 Processor 1 APIC 0x1
[  347.768679] smpboot: Booting Node 0 Processor 6 APIC 0x6
[  348.119222] smpboot: Booting Node 0 Processor 7 APIC 0x7
[  348.382160] smpboot: Booting Node 0 Processor 2 APIC 0x2
[  348.867928] work-test:ret_handler returned 0 and took 10290114862 ns to execute
[  349.058345] work-test:wq_ret_handler returned 0 and took 20551 ns to execute
[  349.122665] work-test:ret_handler returned 0 and took 38004996871 ns to execute
[  349.122705] smpboot: CPU 3 is now offline
[  351.170317] work-test:ret_handler returned 0 and took 36348713559 ns to execute
[  351.338440] smpboot: Booting Node 0 Processor 3 APIC 0x3
[  352.249612] work-test:ret_handler returned 0 and took 45102204294 ns to execute
[  353.529334] work-test:wq_ret_handler returned 0 and took 16102 ns to execute
[  353.684674] smpboot: CPU 3 is now offline
[  353.785013] work-test:wq_ret_handler returned 0 and took 17703 ns to execute
[  353.915236] smpboot: CPU 2 is now offline
[  354.118448] work-test:wq_ret_handler returned 0 and took 18299 ns to execute
[  354.119841] smpboot: CPU 4 is now offline
[  354.963687] smpboot: Booting Node 0 Processor 2 APIC 0x2
[  355.707613] work-test:ret_handler returned 0 and took 19139851640 ns to execute
[  355.728029] work-test:ret_handler returned 0 and took 2193785632 ns to execute
[  355.966640] work-test:ret_handler returned 0 and took 9099952172 ns to execute
[  356.188088] smpboot: Booting Node 0 Processor 4 APIC 0x4
[  356.731697] smpboot: Booting Node 0 Processor 3 APIC 0x3
[  356.858036] work-test:ret_handler returned 0 and took 35944869398 ns to execute
[  357.052005] work-test:wq_ret_handler returned 0 and took 13079 ns to execute
[  357.118033] smpboot: CPU 6 is now offline
[  359.168600] work-test:ret_handler returned 0 and took 14622987700 ns to execute
[  359.171604] work-test:ret_handler returned 0 and took 27041133265 ns to execute
[  359.171699] smpboot: Booting Node 0 Processor 6 APIC 0x6
[  359.248087] work-test:ret_handler returned 0 and took 2320488589 ns to execute
[  359.769784] work-test:wq_ret_handler returned 0 and took 13086 ns to execute
[  359.830696] smpboot: CPU 1 is now offline
[  360.290069] work-test:wq_ret_handler returned 0 and took 10465 ns to execute
[  360.583102] smpboot: CPU 4 is now offline
[  360.630448] work-test:wq_ret_handler returned 0 and took 18222 ns to execute
[  360.698080] smpboot: CPU 5 is now offline
[  361.258961] work-test:wq_ret_handler returned 0 and took 18069 ns to execute
[  361.260929] smpboot: CPU 7 is now offline
[  361.849684] work-test:ret_handler returned 0 and took 49709498779 ns to execute
[  361.849712] work-test:ret_handler returned 0 and took 2163138373 ns to execute
[  361.850901] work-test:wq_ret_handler returned 0 and took 18811 ns to execute
[  361.990246] smpboot: CPU 3 is now offline
[  362.330674] smpboot: Booting Node 0 Processor 7 APIC 0x7
[  362.515209] work-test:ret_handler returned 0 and took 21892563280 ns to execute
[  362.516234] work-test:ret_handler returned 0 and took 2225624659 ns to execute
[  362.600500] work-test:ret_handler returned 0 and took 2224450472 ns to execute
[  362.609676] smpboot: Booting Node 0 Processor 4 APIC 0x4
[  362.746605] work-test:ret_handler returned 0 and took 62824929361 ns to execute
[  362.865683] x86: Booting SMP configuration:
[  362.865687] smpboot: Booting Node 0 Processor 1 APIC 0x1
[  363.212842] work-test:wq_ret_handler returned 0 and took 18811 ns to execute
[  363.348129] smpboot: CPU 2 is now offline
[  363.743294] smpboot: Booting Node 0 Processor 5 APIC 0x5
[  363.917046] work-test:wq_ret_handler returned 0 and took 19293 ns to execute
[  363.922647] smpboot: CPU 1 is now offline
[  363.990615] work-test:ret_handler returned 0 and took 2124013144 ns to execute
[  363.992870] work-test:ret_handler returned 0 and took 14854935717 ns to execute
[  364.008343] x86: Booting SMP configuration:
[  364.008346] smpboot: Booting Node 0 Processor 1 APIC 0x1
[  365.057704] smpboot: Booting Node 0 Processor 3 APIC 0x3
[  365.379651] work-test:ret_handler returned 0 and took 2165163767 ns to execute
[  365.380623] work-test:ret_handler returned 0 and took 11594010897 ns to execute
[  365.398678] smpboot: Booting Node 0 Processor 2 APIC 0x2
[  365.819663] work-test:wq_ret_handler returned 0 and took 16175 ns to execute
[  365.912714] smpboot: CPU 5 is now offline
[  366.009630] work-test:ret_handler returned 0 and took 20631496417 ns to execute
[  366.948700] smpboot: Booting Node 0 Processor 5 APIC 0x5
[  367.948170] work-test:ret_handler returned 0 and took 7266330111 ns to execute
[  368.185699] work-test:ret_handler returned 0 and took 54641924687 ns to execute
[  368.838856] work-test:wq_ret_handler returned 0 and took 17341 ns to execute
[  368.886639] smpboot: CPU 4 is now offline
[  370.938229] work-test:ret_handler returned 0 and took 26941526539 ns to execute
[  370.938270] work-test:ret_handler returned 0 and took 2160668456 ns to execute
[  370.986272] smpboot: Booting Node 0 Processor 4 APIC 0x4
[  371.503071] work-test:wq_ret_handler returned 0 and took 19068 ns to execute
[  371.760317] smpboot: CPU 2 is now offline
[  371.883678] smpboot: Booting Node 0 Processor 2 APIC 0x2
[  373.756612] work-test:ret_handler returned 0 and took 2237988647 ns to execute
[  373.777643] work-test:ret_handler returned 0 and took 10446033808 ns to execute
[  373.777676] work-test:ret_handler returned 0 and took 2177933315 ns to execute
[  374.185885] work-test:wq_ret_handler returned 0 and took 9927 ns to execute
[  374.398323] smpboot: CPU 3 is now offline
[  374.423676] smpboot: Booting Node 0 Processor 3 APIC 0x3
[  374.586681] work-test:ret_handler returned 0 and took 157686003063 ns to execute
[  376.449187] work-test:ret_handler returned 0 and took 22751961251 ns to execute
[  377.630039] work-test:wq_ret_handler returned 0 and took 16741 ns to execute
[  377.662701] work-test:ret_handler returned 0 and took 52036641739 ns to execute
[  377.676715] smpboot: CPU 3 is now offline
[  378.361623] work-test:ret_handler returned 0 and took 12228247881 ns to execute
[  378.884721] smpboot: Booting Node 0 Processor 3 APIC 0x3
[  379.093713] work-test:wq_ret_handler returned 0 and took 19792 ns to execute
[  379.130087] smpboot: CPU 5 is now offline
[  379.214680] smpboot: Booting Node 0 Processor 5 APIC 0x5
[  379.426120] work-test:wq_ret_handler returned 0 and took 10224 ns to execute
[  379.478550] smpboot: CPU 6 is now offline
[  379.850676] work-test:ret_handler returned 0 and took 5664015252 ns to execute
[  380.660681] smpboot: Booting Node 0 Processor 6 APIC 0x6
[  381.241651] work-test:ret_handler returned 0 and took 15421934841 ns to execute
[  381.625633] work-test:ret_handler returned 0 and took 24634024864 ns to execute
[  382.168962] work-test:wq_ret_handler returned 0 and took 18153 ns to execute
[  382.271709] smpboot: CPU 1 is now offline
[  382.478390] work-test:wq_ret_handler returned 0 and took 3019016 ns to execute
[  382.544230] smpboot: CPU 7 is now offline
[  383.355695] x86: Booting SMP configuration:
[  383.355699] smpboot: Booting Node 0 Processor 1 APIC 0x1
[  383.453897] work-test:wq_ret_handler returned 0 and took 9978 ns to execute
[  383.666596] smpboot: CPU 5 is now offline
[  383.710798] smpboot: Booting Node 0 Processor 7 APIC 0x7
[  384.378619] work-test:ret_handler returned 0 and took 20455203275 ns to execute
[  384.697609] work-test:ret_handler returned 0 and took 68339313807 ns to execute
[  384.697711] smpboot: Booting Node 0 Processor 5 APIC 0x5
[  385.051489] work-test:wq_ret_handler returned 0 and took 16108 ns to execute
[  385.208421] smpboot: CPU 2 is now offline
[  385.670624] work-test:ret_handler returned 0 and took 6544889354 ns to execute
[  385.670660] work-test:ret_handler returned 0 and took 2198049006 ns to execute
[  386.299706] smpboot: Booting Node 0 Processor 2 APIC 0x2
[  387.082677] work-test:wq_ret_handler returned 0 and took 24320 ns to execute
[  387.257610] work-test:ret_handler returned 0 and took 63910984334 ns to execute
[  387.257645] work-test:ret_handler returned 0 and took 15509032356 ns to execute
[  387.369222] smpboot: CPU 4 is now offline
[  388.089979] work-test:wq_ret_handler returned 0 and took 19708 ns to execute
[  388.258950] smpboot: CPU 3 is now offline
[  388.434272] smpboot: Booting Node 0 Processor 4 APIC 0x4
[  389.329601] work-test:ret_handler returned 0 and took 20455514533 ns to execute
